EXTI_DRIVER.c:41:6:ENABLE_NVIC	16	static
EXTI_DRIVER.c:80:6:DISABLE_NVIC	16	static
EXTI_DRIVER.c:119:6:Update_EXTI	24	static
EXTI_DRIVER.c:209:6:MCAL_EXTI_GPIO_DEINIT	4	static
EXTI_DRIVER.c:238:6:MCAL_EXTI_GPIO_INIT	16	static
EXTI_DRIVER.c:254:6:MCAL_EXTI_GPIO_UPDATE	16	static
EXTI_DRIVER.c:270:6:EXTI0_IRQHandler	8	static
EXTI_DRIVER.c:278:6:EXTI1_IRQHandler	8	static
EXTI_DRIVER.c:286:6:EXTI2_IRQHandler	8	static
EXTI_DRIVER.c:293:6:EXTI3_IRQHandler	8	static
EXTI_DRIVER.c:300:6:EXTI4_IRQHandler	8	static
EXTI_DRIVER.c:307:6:EXTI9_5_IRQHandler	8	static
EXTI_DRIVER.c:317:6:EXTI15_10_IRQHandler	4	static
