Archive member included to satisfy reference by file (symbol)

c:/st/stm32cubeide_1.4.0/stm32cubeide/plugins/com.st.stm32cube.ide.mcu.externaltools.gnu-tools-for-stm32.7-2018-q2-update.win32_1.4.0.202007081208/tools/bin/../lib/gcc/arm-none-eabi/7.3.1/../../../../arm-none-eabi/lib/thumb/v7-m\libc_nano.a(lib_a-atoi.o)
                              Src/main.o (atoi)
c:/st/stm32cubeide_1.4.0/stm32cubeide/plugins/com.st.stm32cube.ide.mcu.externaltools.gnu-tools-for-stm32.7-2018-q2-update.win32_1.4.0.202007081208/tools/bin/../lib/gcc/arm-none-eabi/7.3.1/../../../../arm-none-eabi/lib/thumb/v7-m\libc_nano.a(lib_a-errno.o)
                              Src/syscalls.o (__errno)
c:/st/stm32cubeide_1.4.0/stm32cubeide/plugins/com.st.stm32cube.ide.mcu.externaltools.gnu-tools-for-stm32.7-2018-q2-update.win32_1.4.0.202007081208/tools/bin/../lib/gcc/arm-none-eabi/7.3.1/../../../../arm-none-eabi/lib/thumb/v7-m\libc_nano.a(lib_a-exit.o)
                              c:/st/stm32cubeide_1.4.0/stm32cubeide/plugins/com.st.stm32cube.ide.mcu.externaltools.gnu-tools-for-stm32.7-2018-q2-update.win32_1.4.0.202007081208/tools/bin/../lib/gcc/arm-none-eabi/7.3.1/../../../../arm-none-eabi/lib/thumb/v7-m/crt0.o (exit)
c:/st/stm32cubeide_1.4.0/stm32cubeide/plugins/com.st.stm32cube.ide.mcu.externaltools.gnu-tools-for-stm32.7-2018-q2-update.win32_1.4.0.202007081208/tools/bin/../lib/gcc/arm-none-eabi/7.3.1/../../../../arm-none-eabi/lib/thumb/v7-m\libc_nano.a(lib_a-impure.o)
                              c:/st/stm32cubeide_1.4.0/stm32cubeide/plugins/com.st.stm32cube.ide.mcu.externaltools.gnu-tools-for-stm32.7-2018-q2-update.win32_1.4.0.202007081208/tools/bin/../lib/gcc/arm-none-eabi/7.3.1/../../../../arm-none-eabi/lib/thumb/v7-m\libc_nano.a(lib_a-exit.o) (_global_impure_ptr)
c:/st/stm32cubeide_1.4.0/stm32cubeide/plugins/com.st.stm32cube.ide.mcu.externaltools.gnu-tools-for-stm32.7-2018-q2-update.win32_1.4.0.202007081208/tools/bin/../lib/gcc/arm-none-eabi/7.3.1/../../../../arm-none-eabi/lib/thumb/v7-m\libc_nano.a(lib_a-init.o)
                              c:/st/stm32cubeide_1.4.0/stm32cubeide/plugins/com.st.stm32cube.ide.mcu.externaltools.gnu-tools-for-stm32.7-2018-q2-update.win32_1.4.0.202007081208/tools/bin/../lib/gcc/arm-none-eabi/7.3.1/../../../../arm-none-eabi/lib/thumb/v7-m/crt0.o (__libc_init_array)
c:/st/stm32cubeide_1.4.0/stm32cubeide/plugins/com.st.stm32cube.ide.mcu.externaltools.gnu-tools-for-stm32.7-2018-q2-update.win32_1.4.0.202007081208/tools/bin/../lib/gcc/arm-none-eabi/7.3.1/../../../../arm-none-eabi/lib/thumb/v7-m\libc_nano.a(lib_a-itoa.o)
                              Src/main.o (itoa)
c:/st/stm32cubeide_1.4.0/stm32cubeide/plugins/com.st.stm32cube.ide.mcu.externaltools.gnu-tools-for-stm32.7-2018-q2-update.win32_1.4.0.202007081208/tools/bin/../lib/gcc/arm-none-eabi/7.3.1/../../../../arm-none-eabi/lib/thumb/v7-m\libc_nano.a(lib_a-memcpy-stub.o)
                              FreeRTOS/queue.o (memcpy)
c:/st/stm32cubeide_1.4.0/stm32cubeide/plugins/com.st.stm32cube.ide.mcu.externaltools.gnu-tools-for-stm32.7-2018-q2-update.win32_1.4.0.202007081208/tools/bin/../lib/gcc/arm-none-eabi/7.3.1/../../../../arm-none-eabi/lib/thumb/v7-m\libc_nano.a(lib_a-memset.o)
                              c:/st/stm32cubeide_1.4.0/stm32cubeide/plugins/com.st.stm32cube.ide.mcu.externaltools.gnu-tools-for-stm32.7-2018-q2-update.win32_1.4.0.202007081208/tools/bin/../lib/gcc/arm-none-eabi/7.3.1/../../../../arm-none-eabi/lib/thumb/v7-m/crt0.o (memset)
c:/st/stm32cubeide_1.4.0/stm32cubeide/plugins/com.st.stm32cube.ide.mcu.externaltools.gnu-tools-for-stm32.7-2018-q2-update.win32_1.4.0.202007081208/tools/bin/../lib/gcc/arm-none-eabi/7.3.1/../../../../arm-none-eabi/lib/thumb/v7-m\libc_nano.a(lib_a-strlen.o)
                              Src/main.o (strlen)
c:/st/stm32cubeide_1.4.0/stm32cubeide/plugins/com.st.stm32cube.ide.mcu.externaltools.gnu-tools-for-stm32.7-2018-q2-update.win32_1.4.0.202007081208/tools/bin/../lib/gcc/arm-none-eabi/7.3.1/../../../../arm-none-eabi/lib/thumb/v7-m\libc_nano.a(lib_a-strtol.o)
                              c:/st/stm32cubeide_1.4.0/stm32cubeide/plugins/com.st.stm32cube.ide.mcu.externaltools.gnu-tools-for-stm32.7-2018-q2-update.win32_1.4.0.202007081208/tools/bin/../lib/gcc/arm-none-eabi/7.3.1/../../../../arm-none-eabi/lib/thumb/v7-m\libc_nano.a(lib_a-atoi.o) (_strtol_r)
c:/st/stm32cubeide_1.4.0/stm32cubeide/plugins/com.st.stm32cube.ide.mcu.externaltools.gnu-tools-for-stm32.7-2018-q2-update.win32_1.4.0.202007081208/tools/bin/../lib/gcc/arm-none-eabi/7.3.1/../../../../arm-none-eabi/lib/thumb/v7-m\libc_nano.a(lib_a-utoa.o)
                              c:/st/stm32cubeide_1.4.0/stm32cubeide/plugins/com.st.stm32cube.ide.mcu.externaltools.gnu-tools-for-stm32.7-2018-q2-update.win32_1.4.0.202007081208/tools/bin/../lib/gcc/arm-none-eabi/7.3.1/../../../../arm-none-eabi/lib/thumb/v7-m\libc_nano.a(lib_a-itoa.o) (__utoa)
[...]
Memory Configuration

Name             Origin             Length             Attributes
RAM              0x0000000020000000 0x0000000000002800 xrw
ROM              0x0000000008000000 0x0000000000008000 xr
*default*        0x0000000000000000 0xffffffffffffffff

Linker script and memory map

LOAD c:/st/stm32cubeide_1.4.0/stm32cubeide/plugins/com.st.stm32cube.ide.mcu.externaltools.gnu-tools-for-stm32.7-2018-q2-update.win32_1.4.0.202007081208/tools/bin/../lib/gcc/arm-none-eabi/7.3.1/thumb/v7-m/crti.o
LOAD c:/st/stm32cubeide_1.4.0/stm32cubeide/plugins/com.st.stm32cube.ide.mcu.externaltools.gnu-tools-for-stm32.7-2018-q2-update.win32_1.4.0.202007081208/tools/bin/../lib/gcc/arm-none-eabi/7.3.1/thumb/v7-m/crtbegin.o
LOAD c:/st/stm32cubeide_1.4.0/stm32cubeide/plugins/com.st.stm32cube.ide.mcu.externaltools.gnu-tools-for-stm32.7-2018-q2-update.win32_1.4.0.202007081208/tools/bin/../lib/gcc/arm-none-eabi/7.3.1/../../../../arm-none-eabi/lib/thumb/v7-m/crt0.o
LOAD FreeRTOS/croutine.o
LOAD FreeRTOS/event_groups.o
LOAD FreeRTOS/list.o
LOAD FreeRTOS/queue.o
LOAD FreeRTOS/stream_buffer.o
LOAD FreeRTOS/tasks.o
LOAD FreeRTOS/timers.o
LOAD FreeRTOS/portable/GCC/ARM_CM3/port.o
LOAD FreeRTOS/portable/MemMang/heap_4.o
LOAD RSA_Algorithm/RSA_Algorithm.o
LOAD STM32f103_Drivers/EXTI_DRIVER.o
LOAD STM32f103_Drivers/STM32F103C6_USART_DRIVERS.o
LOAD STM32f103_Drivers/STM32_F103C6_GPIO_DRIVERS.o
LOAD STM32f103_Drivers/STM32_F103C6_RCC_DRIVERS.o
LOAD STM32f103_Drivers/Timer.o
LOAD Src/main.o
LOAD Src/syscalls.o
LOAD Src/sysmem.o
LOAD Startup/startup_stm32f103c6tx.o
START GROUP
LOAD c:/st/stm32cubeide_1.4.0/stm32cubeide/plugins/com.st.stm32cube.ide.mcu.externaltools.gnu-tools-for-stm32.7-2018-q2-update.win32_1.4.0.202007081208/tools/bin/../lib/gcc/arm-none-eabi/7.3.1/../../../../arm-none-eabi/lib/thumb/v7-m\libc_nano.a
LOAD c:/st/stm32cubeide_1.4.0/stm32cubeide/plugins/com.st.stm32cube.ide.mcu.externaltools.gnu-tools-for-stm32.7-2018-q2-update.win32_1.4.0.202007081208/tools/bin/../lib/gcc/arm-none-eabi/7.3.1/../../../../arm-none-eabi/lib/thumb/v7-m\libm.a
END GROUP
START GROUP
LOAD c:/st/stm32cubeide_1.4.0/stm32cubeide/plugins/com.st.stm32cube.ide.mcu.externaltools.gnu-tools-for-stm32.7-2018-q2-update.win32_1.4.0.202007081208/tools/bin/../lib/gcc/arm-none-eabi/7.3.1/thumb/v7-m\libgcc.a
LOAD c:/st/stm32cubeide_1.4.0/stm32cubeide/plugins/com.st.stm32cube.ide.mcu.externaltools.gnu-tools-for-stm32.7-2018-q2-update.win32_1.4.0.202007081208/tools/bin/../lib/gcc/arm-none-eabi/7.3.1/../../../../arm-none-eabi/lib/thumb/v7-m\libc_nano.a
END GROUP
START GROUP
LOAD c:/st/stm32cubeide_1.4.0/stm32cubeide/plugins/com.st.stm32cube.ide.mcu.externaltools.gnu-tools-for-stm32.7-2018-q2-update.win32_1.4.0.202007081208/tools/bin/../lib/gcc/arm-none-eabi/7.3.1/thumb/v7-m\libgcc.a
LOAD c:/st/stm32cubeide_1.4.0/stm32cubeide/plugins/com.st.stm32cube.ide.mcu.externaltools.gnu-tools-for-stm32.7-2018-q2-update.win32_1.4.0.202007081208/tools/bin/../lib/gcc/arm-none-eabi/7.3.1/../../../../arm-none-eabi/lib/thumb/v7-m\libc_nano.a
LOAD c:/st/stm32cubeide_1.4.0/stm32cubeide/plugins/com.st.stm32cube.ide.mcu.externaltools.gnu-tools-for-stm32.7-2018-q2-update.win32_1.4.0.202007081208/tools/bin/../lib/gcc/arm-none-eabi/7.3.1/../../../../arm-none-eabi/lib/thumb/v7-m\libnosys.a
END GROUP
START GROUP
LOAD c:/st/stm32cubeide_1.4.0/stm32cubeide/plugins/com.st.stm32cube.ide.mcu.externaltools.gnu-tools-for-stm32.7-2018-q2-update.win32_1.4.0.202007081208/tools/bin/../lib/gcc/arm-none-eabi/7.3.1/thumb/v7-m\libgcc.a
LOAD c:/st/stm32cubeide_1.4.0/stm32cubeide/plugins/com.st.stm32cube.ide.mcu.externaltools.gnu-tools-for-stm32.7-2018-q2-update.win32_1.4.0.202007081208/tools/bin/../lib/gcc/arm-none-eabi/7.3.1/../../../../arm-none-eabi/lib/thumb/v7-m\libc_nano.a
LOAD c:/st/stm32cubeide_1.4.0/stm32cubeide/plugins/com.st.stm32cube.ide.mcu.externaltools.gnu-tools-for-stm32.7-2018-q2-update.win32_1.4.0.202007081208/tools/bin/../lib/gcc/arm-none-eabi/7.3.1/../../../../arm-none-eabi/lib/thumb/v7-m\libnosys.a
END GROUP
LOAD c:/st/stm32cubeide_1.4.0/stm32cubeide/plugins/com.st.stm32cube.ide.mcu.externaltools.gnu-tools-for-stm32.7-2018-q2-update.win32_1.4.0.202007081208/tools/bin/../lib/gcc/arm-none-eabi/7.3.1/thumb/v7-m/crtend.o
LOAD c:/st/stm32cubeide_1.4.0/stm32cubeide/plugins/com.st.stm32cube.ide.mcu.externaltools.gnu-tools-for-stm32.7-2018-q2-update.win32_1.4.0.202007081208/tools/bin/../lib/gcc/arm-none-eabi/7.3.1/thumb/v7-m/crtn.o
                0x0000000020002800                _estack = (ORIGIN (RAM) + LENGTH (RAM))
                0x0000000000000200                _Min_Heap_Size = 0x200
                0x0000000000000400                _Min_Stack_Size = 0x400

.isr_vector     0x0000000008000000      0x130
                0x0000000008000000                . = ALIGN (0x4)
 *(.isr_vector)
 .isr_vector    0x0000000008000000      0x130 Startup/startup_stm32f103c6tx.o
                0x0000000008000000                g_pfnVectors
                0x0000000008000130                . = ALIGN (0x4)

.text           0x0000000008000130     0x4908
                0x0000000008000130                . = ALIGN (0x4)
 *(.text)
 .text          0x0000000008000130       0x40 c:/st/stm32cubeide_1.4.0/stm32cubeide/plugins/com.st.stm32cube.ide.mcu.externaltools.gnu-tools-for-stm32.7-2018-q2-update.win32_1.4.0.202007081208/tools/bin/../lib/gcc/arm-none-eabi/7.3.1/thumb/v7-m/crtbegin.o
 .text          0x0000000008000170       0x10 c:/st/stm32cubeide_1.4.0/stm32cubeide/plugins/com.st.stm32cube.ide.mcu.externaltools.gnu-tools-for-stm32.7-2018-q2-update.win32_1.4.0.202007081208/tools/bin/../lib/gcc/arm-none-eabi/7.3.1/../../../../arm-none-eabi/lib/thumb/v7-m\libc_nano.a(lib_a-strlen.o)
                0x0000000008000170                strlen
 .text          0x0000000008000180      0x378 c:/st/stm32cubeide_1.4.0/stm32cubeide/plugins/com.st.stm32cube.ide.mcu.externaltools.gnu-tools-for-stm32.7-2018-q2-update.win32_1.4.0.202007081208/tools/bin/../lib/gcc/arm-none-eabi/7.3.1/thumb/v7-m\libgcc.a(_arm_addsubdf3.o)
                0x0000000008000180                __aeabi_drsub
                0x0000000008000188                __aeabi_dsub
                0x0000000008000188                __subdf3
                0x000000000800018c                __aeabi_dadd
                0x000000000800018c                __adddf3
                0x0000000008000404                __floatunsidf
                0x0000000008000404                __aeabi_ui2d
                0x0000000008000424                __floatsidf
                0x0000000008000424                __aeabi_i2d
                0x0000000008000448                __aeabi_f2d
                0x0000000008000448                __extendsfdf2
                0x000000000800048c                __floatundidf
                0x000000000800048c                __aeabi_ul2d
                0x000000000800049c                __floatdidf
                0x000000000800049c                __aeabi_l2d
 .text          0x00000000080004f8      0x424 c:/st/stm32cubeide_1.4.0/stm32cubeide/plugins/com.st.stm32cube.ide.mcu.externaltools.gnu-tools-for-stm32.7-2018-q2-update.win32_1.4.0.202007081208/tools/bin/../lib/gcc/arm-none-eabi/7.3.1/thumb/v7-m\libgcc.a(_arm_muldivdf3.o)
                0x00000000080004f8                __aeabi_dmul
                0x00000000080004f8                __muldf3
                0x000000000800074c                __divdf3
                0x000000000800074c                __aeabi_ddiv
 .text          0x000000000800091c      0x110 c:/st/stm32cubeide_1.4.0/stm32cubeide/plugins/com.st.stm32cube.ide.mcu.externaltools.gnu-tools-for-stm32.7-2018-q2-update.win32_1.4.0.202007081208/tools/bin/../lib/gcc/arm-none-eabi/7.3.1/thumb/v7-m\libgcc.a(_arm_cmpdf2.o)
                0x000000000800091c                __gtdf2
                0x000000000800091c                __gedf2
                0x0000000008000924                __ltdf2
                0x0000000008000924                __ledf2
                0x000000000800092c                __nedf2
                0x000000000800092c                __eqdf2
                0x000000000800092c                __cmpdf2
                0x00000000080009a8                __aeabi_cdrcmple
                0x00000000080009b8                __aeabi_cdcmpeq
                0x00000000080009b8                __aeabi_cdcmple
                0x00000000080009c8                __aeabi_dcmpeq
                0x00000000080009dc                __aeabi_dcmplt
                0x00000000080009f0                __aeabi_dcmple
                0x0000000008000a04                __aeabi_dcmpge
                0x0000000008000a18                __aeabi_dcmpgt
 .text          0x0000000008000a2c       0x2c c:/st/stm32cubeide_1.4.0/stm32cubeide/plugins/com.st.stm32cube.ide.mcu.externaltools.gnu-tools-for-stm32.7-2018-q2-update.win32_1.4.0.202007081208/tools/bin/../lib/gcc/arm-none-eabi/7.3.1/thumb/v7-m\libgcc.a(_arm_unorddf2.o)
                0x0000000008000a2c                __unorddf2
                0x0000000008000a2c                __aeabi_dcmpun
 .text          0x0000000008000a58       0x50 c:/st/stm32cubeide_1.4.0/stm32cubeide/plugins/com.st.stm32cube.ide.mcu.externaltools.gnu-tools-for-stm32.7-2018-q2-update.win32_1.4.0.202007081208/tools/bin/../lib/gcc/arm-none-eabi/7.3.1/thumb/v7-m\libgcc.a(_arm_fixdfsi.o)
                0x0000000008000a58                __aeabi_d2iz
                0x0000000008000a58                __fixdfsi
 *(.text*)
 .text.vListInitialise
                0x0000000008000aa8       0x3e FreeRTOS/list.o
                0x0000000008000aa8                vListInitialise
 .text.vListInitialiseItem
                0x0000000008000ae6       0x18 FreeRTOS/list.o
                0x0000000008000ae6                vListInitialiseItem
 .text.vListInsert
                0x0000000008000afe       0x70 FreeRTOS/list.o
                0x0000000008000afe                vListInsert
 .text.uxListRemove
                0x0000000008000b6e       0x52 FreeRTOS/list.o
                0x0000000008000b6e                uxListRemove
 .text.xQueueGenericReset
                0x0000000008000bc0       0xf4 FreeRTOS/queue.o
                0x0000000008000bc0                xQueueGenericReset
 .text.xQueueGenericCreate
                0x0000000008000cb4       0x8a FreeRTOS/queue.o
                0x0000000008000cb4                xQueueGenericCreate
 .text.prvInitialiseNewQueue
                0x0000000008000d3e       0x3e FreeRTOS/queue.o
 .text.xQueueGenericSend
                0x0000000008000d7c      0x154 FreeRTOS/queue.o
                0x0000000008000d7c                xQueueGenericSend
 .text.xQueueSemaphoreTake
                0x0000000008000ed0      0x13c FreeRTOS/queue.o
                0x0000000008000ed0                xQueueSemaphoreTake
 .text.prvCopyDataToQueue
                0x000000000800100c       0xb8 FreeRTOS/queue.o
 .text.prvUnlockQueue
                0x00000000080010c4       0xa4 FreeRTOS/queue.o
 .text.prvIsQueueEmpty
                0x0000000008001168       0x2c FreeRTOS/queue.o
 .text.prvIsQueueFull
                0x0000000008001194       0x30 FreeRTOS/queue.o
 .text.xTaskCreate
                0x00000000080011c4       0x82 FreeRTOS/tasks.o
                0x00000000080011c4                xTaskCreate
 .text.prvInitialiseNewTask
                0x0000000008001246       0xf0 FreeRTOS/tasks.o
 *fill*         0x0000000008001336        0x2 
 .text.prvAddNewTaskToReadyList
                0x0000000008001338      0x124 FreeRTOS/tasks.o
 .text.vTaskDelay
                0x000000000800145c       0x48 FreeRTOS/tasks.o
                0x000000000800145c                vTaskDelay
 .text.vTaskStartScheduler
                0x00000000080014a4       0x74 FreeRTOS/tasks.o
                0x00000000080014a4                vTaskStartScheduler
 .text.vTaskSuspendAll
                0x0000000008001518       0x1c FreeRTOS/tasks.o
                0x0000000008001518                vTaskSuspendAll
 .text.xTaskResumeAll
                0x0000000008001534      0x1d8 FreeRTOS/tasks.o
                0x0000000008001534                xTaskResumeAll
 .text.xTaskIncrementTick
                0x000000000800170c      0x20c FreeRTOS/tasks.o
                0x000000000800170c                xTaskIncrementTick
 .text.vTaskSwitchContext
                0x0000000008001918       0x8c FreeRTOS/tasks.o
                0x0000000008001918                vTaskSwitchContext
 .text.vTaskPlaceOnEventList
                0x00000000080019a4       0x2c FreeRTOS/tasks.o
                0x00000000080019a4                vTaskPlaceOnEventList
 .text.xTaskRemoveFromEventList
                0x00000000080019d0      0x190 FreeRTOS/tasks.o
                0x00000000080019d0                xTaskRemoveFromEventList
 .text.vTaskInternalSetTimeOutState
                0x0000000008001b60       0x2c FreeRTOS/tasks.o
                0x0000000008001b60                vTaskInternalSetTimeOutState
 .text.xTaskCheckForTimeOut
                0x0000000008001b8c       0x94 FreeRTOS/tasks.o
                0x0000000008001b8c                xTaskCheckForTimeOut
 .text.vTaskMissedYield
                0x0000000008001c20       0x18 FreeRTOS/tasks.o
                0x0000000008001c20                vTaskMissedYield
 .text.prvIdleTask
                0x0000000008001c38       0x30 FreeRTOS/tasks.o
 .text.prvInitialiseTaskLists
                0x0000000008001c68       0x80 FreeRTOS/tasks.o
 .text.prvCheckTasksWaitingTermination
                0x0000000008001ce8       0x58 FreeRTOS/tasks.o
 .text.prvDeleteTCB
                0x0000000008001d40       0x20 FreeRTOS/tasks.o
 .text.prvResetNextTaskUnblockTime
                0x0000000008001d60       0x34 FreeRTOS/tasks.o
 .text.prvAddCurrentTaskToDelayedList
                0x0000000008001d94      0x100 FreeRTOS/tasks.o
 .text.pxPortInitialiseStack
                0x0000000008001e94       0x58 FreeRTOS/portable/GCC/ARM_CM3/port.o
                0x0000000008001e94                pxPortInitialiseStack
 .text.prvTaskExitError
                0x0000000008001eec       0x2e FreeRTOS/portable/GCC/ARM_CM3/port.o
 *fill*         0x0000000008001f1a        0x6 
 .text.SVC_Handler
                0x0000000008001f20       0x28 FreeRTOS/portable/GCC/ARM_CM3/port.o
                0x0000000008001f20                SVC_Handler
 .text.prvPortStartFirstTask
                0x0000000008001f48       0x24 FreeRTOS/portable/GCC/ARM_CM3/port.o
 .text.xPortStartScheduler
                0x0000000008001f6c       0x40 FreeRTOS/portable/GCC/ARM_CM3/port.o
                0x0000000008001f6c                xPortStartScheduler
 .text.vPortEnterCritical
                0x0000000008001fac       0x30 FreeRTOS/portable/GCC/ARM_CM3/port.o
                0x0000000008001fac                vPortEnterCritical
 .text.vPortExitCritical
                0x0000000008001fdc       0x30 FreeRTOS/portable/GCC/ARM_CM3/port.o
                0x0000000008001fdc                vPortExitCritical
 *fill*         0x000000000800200c        0x4 
 .text.PendSV_Handler
                0x0000000008002010       0x48 FreeRTOS/portable/GCC/ARM_CM3/port.o
                0x0000000008002010                PendSV_Handler
 .text.SysTick_Handler
                0x0000000008002058       0x40 FreeRTOS/portable/GCC/ARM_CM3/port.o
                0x0000000008002058                SysTick_Handler
 .text.vPortSetupTimerInterrupt
                0x0000000008002098       0x34 FreeRTOS/portable/GCC/ARM_CM3/port.o
                0x0000000008002098                vPortSetupTimerInterrupt
 .text.pvPortMalloc
                0x00000000080020cc      0x15c FreeRTOS/portable/MemMang/heap_4.o
                0x00000000080020cc                pvPortMalloc
 .text.vPortFree
                0x0000000008002228       0x80 FreeRTOS/portable/MemMang/heap_4.o
                0x0000000008002228                vPortFree
 .text.prvHeapInit
                0x00000000080022a8       0xc4 FreeRTOS/portable/MemMang/heap_4.o
 .text.prvInsertBlockIntoFreeList
                0x000000000800236c       0xb0 FreeRTOS/portable/MemMang/heap_4.o
 .text.RSA_Encryption
                0x000000000800241c       0x48 RSA_Algorithm/RSA_Algorithm.o
                0x000000000800241c                RSA_Encryption
 .text.RSA_Calc_Euler
                0x0000000008002464       0x58 RSA_Algorithm/RSA_Algorithm.o
                0x0000000008002464                RSA_Calc_Euler
 .text.RSA_Calc_N
                0x00000000080024bc       0x34 RSA_Algorithm/RSA_Algorithm.o
                0x00000000080024bc                RSA_Calc_N
 .text.gcd      0x00000000080024f0       0x3a RSA_Algorithm/RSA_Algorithm.o
                0x00000000080024f0                gcd
 *fill*         0x000000000800252a        0x2 
 .text.RSA_Generate_e
                0x000000000800252c       0xa4 RSA_Algorithm/RSA_Algorithm.o
                0x000000000800252c                RSA_Generate_e
 .text.RSA_Decryption_Calc_d
                0x00000000080025d0       0x54 RSA_Algorithm/RSA_Algorithm.o
                0x00000000080025d0                RSA_Decryption_Calc_d
 .text.EXTI0_IRQHandler
                0x0000000008002624       0x24 STM32f103_Drivers/EXTI_DRIVER.o
                0x0000000008002624                EXTI0_IRQHandler
 .text.EXTI1_IRQHandler
                0x0000000008002648       0x24 STM32f103_Drivers/EXTI_DRIVER.o
                0x0000000008002648                EXTI1_IRQHandler
 .text.EXTI2_IRQHandler
                0x000000000800266c       0x24 STM32f103_Drivers/EXTI_DRIVER.o
                0x000000000800266c                EXTI2_IRQHandler
 .text.EXTI3_IRQHandler
                0x0000000008002690       0x24 STM32f103_Drivers/EXTI_DRIVER.o
                0x0000000008002690                EXTI3_IRQHandler
 .text.EXTI4_IRQHandler
                0x00000000080026b4       0x24 STM32f103_Drivers/EXTI_DRIVER.o
                0x00000000080026b4                EXTI4_IRQHandler
 .text.EXTI9_5_IRQHandler
                0x00000000080026d8       0xa8 STM32f103_Drivers/EXTI_DRIVER.o
                0x00000000080026d8                EXTI9_5_IRQHandler
 .text.EXTI15_10_IRQHandler
                0x0000000008002780       0x1c STM32f103_Drivers/EXTI_DRIVER.o
                0x0000000008002780                EXTI15_10_IRQHandler
 .text.MCAL_UART_INIT
                0x000000000800279c      0x1cc STM32f103_Drivers/STM32F103C6_USART_DRIVERS.o
                0x000000000800279c                MCAL_UART_INIT
 .text.Which_UART
                0x0000000008002968       0x44 STM32f103_Drivers/STM32F103C6_USART_DRIVERS.o
 .text.MCAL_UART_SEND_DATA
                0x00000000080029ac       0x3e STM32f103_Drivers/STM32F103C6_USART_DRIVERS.o
                0x00000000080029ac                MCAL_UART_SEND_DATA
 *fill*         0x00000000080029ea        0x2 
 .text.MCAL_UART_RECEIVE_DATA
                0x00000000080029ec       0x70 STM32f103_Drivers/STM32F103C6_USART_DRIVERS.o
                0x00000000080029ec                MCAL_UART_RECEIVE_DATA
 .text.MCAL_UART_GPIO_Set_Pins
                0x0000000008002a5c      0x1c0 STM32f103_Drivers/STM32F103C6_USART_DRIVERS.o
                0x0000000008002a5c                MCAL_UART_GPIO_Set_Pins
 .text.USART1_IRQHandler
                0x0000000008002c1c       0x14 STM32f103_Drivers/STM32F103C6_USART_DRIVERS.o
                0x0000000008002c1c                USART1_IRQHandler
 .text.USART2_IRQHandler
                0x0000000008002c30       0x14 STM32f103_Drivers/STM32F103C6_USART_DRIVERS.o
                0x0000000008002c30                USART2_IRQHandler
 .text.USART3_IRQHandler
                0x0000000008002c44       0x14 STM32f103_Drivers/STM32F103C6_USART_DRIVERS.o
                0x0000000008002c44                USART3_IRQHandler
 .text.Get_CRLH_Postion
                0x0000000008002c58       0xc6 STM32f103_Drivers/STM32_F103C6_GPIO_DRIVERS.o
                0x0000000008002c58                Get_CRLH_Postion
 .text.MCAL_GPIO_Init
                0x0000000008002d1e       0xf6 STM32f103_Drivers/STM32_F103C6_GPIO_DRIVERS.o
                0x0000000008002d1e                MCAL_GPIO_Init
 .text.MCAL_GPIO_WritePin
                0x0000000008002e14       0x3c STM32f103_Drivers/STM32_F103C6_GPIO_DRIVERS.o
                0x0000000008002e14                MCAL_GPIO_WritePin
 .text.MCAL_RCC_Get_SYS_CLKFreq
                0x0000000008002e50       0x40 STM32f103_Drivers/STM32_F103C6_RCC_DRIVERS.o
                0x0000000008002e50                MCAL_RCC_Get_SYS_CLKFreq
 .text.MCAL_RCC_Get_HCLK_Freq
                0x0000000008002e90       0x28 STM32f103_Drivers/STM32_F103C6_RCC_DRIVERS.o
                0x0000000008002e90                MCAL_RCC_Get_HCLK_Freq
 .text.MCAL_RCC_Get_PCLK1_Freq
                0x0000000008002eb8       0x28 STM32f103_Drivers/STM32_F103C6_RCC_DRIVERS.o
                0x0000000008002eb8                MCAL_RCC_Get_PCLK1_Freq
 .text.MCAL_RCC_Get_PCLK2_Freq
                0x0000000008002ee0       0x28 STM32f103_Drivers/STM32_F103C6_RCC_DRIVERS.o
                0x0000000008002ee0                MCAL_RCC_Get_PCLK2_Freq
 .text.USART2_callBack
                0x0000000008002f08       0x94 Src/main.o
                0x0000000008002f08                USART2_callBack
 .text.main     0x0000000008002f9c      0x15c Src/main.o
                0x0000000008002f9c                main
 .text.Fun_UART_Init
                0x00000000080030f8       0x9c Src/main.o
                0x00000000080030f8                Fun_UART_Init
 .text.RSA_Calc_Init
                0x0000000008003194       0x94 Src/main.o
                0x0000000008003194                RSA_Calc_Init
 .text.Original_massage_task1
                0x0000000008003228       0x84 Src/main.o
                0x0000000008003228                Original_massage_task1
 .text.EncryptionTask2
                0x00000000080032ac       0x84 Src/main.o
                0x00000000080032ac                EncryptionTask2
 .text.Desplay_EncryptedTask3
                0x0000000008003330       0xe4 Src/main.o
                0x0000000008003330                Desplay_EncryptedTask3
 .text.Reset_Handler
                0x0000000008003414       0x50 Startup/startup_stm32f103c6tx.o
                0x0000000008003414                Reset_Handler
 .text.Default_Handler
                0x0000000008003464        0x2 Startup/startup_stm32f103c6tx.o
                0x0000000008003464                TIM8_TRG_COM_IRQHandler
                0x0000000008003464                TIM8_CC_IRQHandler
                0x0000000008003464                DebugMon_Handler
                0x0000000008003464                TIM1_CC_IRQHandler
                0x0000000008003464                HardFault_Handler
                0x0000000008003464                TIM6_IRQHandler
                0x0000000008003464                PVD_IRQHandler
                0x0000000008003464                SDIO_IRQHandler
                0x0000000008003464                NMI_Handler
                0x0000000008003464                USB_HP_CAN_TX_IRQHandler
                0x0000000008003464                I2C2_EV_IRQHandler
                0x0000000008003464                UsageFault_Handler
                0x0000000008003464                ADC1_2_IRQHandler
                0x0000000008003464                SPI1_IRQHandler
                0x0000000008003464                CAN_SCE_IRQHandler
                0x0000000008003464                TAMPER_IRQHandler
                0x0000000008003464                TIM8_UP_IRQHandler
                0x0000000008003464                DMA2_Channel2_IRQHandler
                0x0000000008003464                DMA1_Channel4_IRQHandler
                0x0000000008003464                RTC_IRQHandler
                0x0000000008003464                DMA1_Channel7_IRQHandler
                0x0000000008003464                UART5_IRQHandler
                0x0000000008003464                ADC3_IRQHandler
                0x0000000008003464                TIM4_IRQHandler
                0x0000000008003464                CAN_RX1_IRQHandler
                0x0000000008003464                DMA2_Channel1_IRQHandler
                0x0000000008003464                I2C1_EV_IRQHandler
                0x0000000008003464                DMA1_Channel6_IRQHandler
                0x0000000008003464                UART4_IRQHandler
                0x0000000008003464                TIM3_IRQHandler
                0x0000000008003464                RCC_IRQHandler
                0x0000000008003464                TIM1_TRG_COM_IRQHandler
                0x0000000008003464                DMA1_Channel1_IRQHandler
                0x0000000008003464                Default_Handler
                0x0000000008003464                TIM7_IRQHandler
                0x0000000008003464                TIM5_IRQHandler
                0x0000000008003464                SPI2_IRQHandler
                0x0000000008003464                USB_LP_CAN_RX0_IRQHandler
                0x0000000008003464                MemManage_Handler
                0x0000000008003464                DMA1_Channel5_IRQHandler
                0x0000000008003464                DMA1_Channel3_IRQHandler
                0x0000000008003464                FSMC_IRQHandler
                0x0000000008003464                TIM1_UP_IRQHandler
                0x0000000008003464                WWDG_IRQHandler
                0x0000000008003464                TIM2_IRQHandler
                0x0000000008003464                TIM1_BRK_IRQHandler
                0x0000000008003464                RTCAlarm_IRQHandler
                0x0000000008003464                DMA2_Channel4_5_IRQHandler
                0x0000000008003464                I2C2_ER_IRQHandler
                0x0000000008003464                DMA1_Channel2_IRQHandler
                0x0000000008003464                TIM8_BRK_IRQHandler
                0x0000000008003464                FLASH_IRQHandler
                0x0000000008003464                BusFault_Handler
                0x0000000008003464                SPI3_IRQHandler
                0x0000000008003464                I2C1_ER_IRQHandler
                0x0000000008003464                DMA2_Channel3_IRQHandler
 .text.atoi     0x0000000008003466        0x8 c:/st/stm32cubeide_1.4.0/stm32cubeide/plugins/com.st.stm32cube.ide.mcu.externaltools.gnu-tools-for-stm32.7-2018-q2-update.win32_1.4.0.202007081208/tools/bin/../lib/gcc/arm-none-eabi/7.3.1/../../../../arm-none-eabi/lib/thumb/v7-m\libc_nano.a(lib_a-atoi.o)
                0x0000000008003466                atoi
 *fill*         0x000000000800346e        0x2 
 .text.__errno  0x0000000008003470        0xc c:/st/stm32cubeide_1.4.0/stm32cubeide/plugins/com.st.stm32cube.ide.mcu.externaltools.gnu-tools-for-stm32.7-2018-q2-update.win32_1.4.0.202007081208/tools/bin/../lib/gcc/arm-none-eabi/7.3.1/../../../../arm-none-eabi/lib/thumb/v7-m\libc_nano.a(lib_a-errno.o)
                0x0000000008003470                __errno
 .text.__libc_init_array
                0x000000000800347c       0x48 c:/st/stm32cubeide_1.4.0/stm32cubeide/plugins/com.st.stm32cube.ide.mcu.externaltools.gnu-tools-for-stm32.7-2018-q2-update.win32_1.4.0.202007081208/tools/bin/../lib/gcc/arm-none-eabi/7.3.1/../../../../arm-none-eabi/lib/thumb/v7-m\libc_nano.a(lib_a-init.o)
                0x000000000800347c                __libc_init_array
 .text.__itoa   0x00000000080034c4       0x30 c:/st/stm32cubeide_1.4.0/stm32cubeide/plugins/com.st.stm32cube.ide.mcu.externaltools.gnu-tools-for-stm32.7-2018-q2-update.win32_1.4.0.202007081208/tools/bin/../lib/gcc/arm-none-eabi/7.3.1/../../../../arm-none-eabi/lib/thumb/v7-m\libc_nano.a(lib_a-itoa.o)
                0x00000000080034c4                __itoa
 .text.itoa     0x00000000080034f4        0x4 c:/st/stm32cubeide_1.4.0/stm32cubeide/plugins/com.st.stm32cube.ide.mcu.externaltools.gnu-tools-for-stm32.7-2018-q2-update.win32_1.4.0.202007081208/tools/bin/../lib/gcc/arm-none-eabi/7.3.1/../../../../arm-none-eabi/lib/thumb/v7-m\libc_nano.a(lib_a-itoa.o)
                0x00000000080034f4                itoa
 .text.memcpy   0x00000000080034f8       0x16 c:/st/stm32cubeide_1.4.0/stm32cubeide/plugins/com.st.stm32cube.ide.mcu.externaltools.gnu-tools-for-stm32.7-2018-q2-update.win32_1.4.0.202007081208/tools/bin/../lib/gcc/arm-none-eabi/7.3.1/../../../../arm-none-eabi/lib/thumb/v7-m\libc_nano.a(lib_a-memcpy-stub.o)
                0x00000000080034f8                memcpy
 .text.memset   0x000000000800350e       0x10 c:/st/stm32cubeide_1.4.0/stm32cubeide/plugins/com.st.stm32cube.ide.mcu.externaltools.gnu-tools-for-stm32.7-2018-q2-update.win32_1.4.0.202007081208/tools/bin/../lib/gcc/arm-none-eabi/7.3.1/../../../../arm-none-eabi/lib/thumb/v7-m\libc_nano.a(lib_a-memset.o)
                0x000000000800350e                memset
 .text._strtol_l.isra.0
                0x000000000800351e       0xf6 c:/st/stm32cubeide_1.4.0/stm32cubeide/plugins/com.st.stm32cube.ide.mcu.externaltools.gnu-tools-for-stm32.7-2018-q2-update.win32_1.4.0.202007081208/tools/bin/../lib/gcc/arm-none-eabi/7.3.1/../../../../arm-none-eabi/lib/thumb/v7-m\libc_nano.a(lib_a-strtol.o)
 .text.strtol   0x0000000008003614       0x2c c:/st/stm32cubeide_1.4.0/stm32cubeide/plugins/com.st.stm32cube.ide.mcu.externaltools.gnu-tools-for-stm32.7-2018-q2-update.win32_1.4.0.202007081208/tools/bin/../lib/gcc/arm-none-eabi/7.3.1/../../../../arm-none-eabi/lib/thumb/v7-m\libc_nano.a(lib_a-strtol.o)
                0x0000000008003614                strtol
 .text.__utoa   0x0000000008003640       0x7c c:/st/stm32cubeide_1.4.0/stm32cubeide/plugins/com.st.stm32cube.ide.mcu.externaltools.gnu-tools-for-stm32.7-2018-q2-update.win32_1.4.0.202007081208/tools/bin/../lib/gcc/arm-none-eabi/7.3.1/../../../../arm-none-eabi/lib/thumb/v7-m\libc_nano.a(lib_a-utoa.o)
                0x0000000008003640                __utoa
 .text.__locale_ctype_ptr_l
                0x00000000080036bc        0x6 c:/st/stm32cubeide_1.4.0/stm32cubeide/plugins/com.st.stm32cube.ide.mcu.externaltools.gnu-tools-for-stm32.7-2018-q2-update.win32_1.4.0.202007081208/tools/bin/../lib/gcc/arm-none-eabi/7.3.1/../../../../arm-none-eabi/lib/thumb/v7-m\libc_nano.a(lib_a-locale.o)
                0x00000000080036bc                __locale_ctype_ptr_l
 .text.__ascii_mbtowc
                0x00000000080036c2       0x24 c:/st/stm32cubeide_1.4.0/stm32cubeide/plugins/com.st.stm32cube.ide.mcu.externaltools.gnu-tools-for-stm32.7-2018-q2-update.win32_1.4.0.202007081208/tools/bin/../lib/gcc/arm-none-eabi/7.3.1/../../../../arm-none-eabi/lib/thumb/v7-m\libc_nano.a(lib_a-mbtowc_r.o)
                0x00000000080036c2                __ascii_mbtowc
 .text.__ascii_wctomb
                0x00000000080036e6       0x1a c:/st/stm32cubeide_1.4.0/stm32cubeide/plugins/com.st.stm32cube.ide.mcu.externaltools.gnu-tools-for-stm32.7-2018-q2-update.win32_1.4.0.202007081208/tools/bin/../lib/gcc/arm-none-eabi/7.3.1/../../../../arm-none-eabi/lib/thumb/v7-m\libc_nano.a(lib_a-wctomb_r.o)
                0x00000000080036e6                __ascii_wctomb
 .text.fmod     0x0000000008003700       0xb8 c:/st/stm32cubeide_1.4.0/stm32cubeide/plugins/com.st.stm32cube.ide.mcu.externaltools.gnu-tools-for-stm32.7-2018-q2-update.win32_1.4.0.202007081208/tools/bin/../lib/gcc/arm-none-eabi/7.3.1/../../../../arm-none-eabi/lib/thumb/v7-m\libm.a(lib_a-w_fmod.o)
                0x0000000008003700                fmod
 .text.pow      0x00000000080037b8      0x2b8 c:/st/stm32cubeide_1.4.0/stm32cubeide/plugins/com.st.stm32cube.ide.mcu.externaltools.gnu-tools-for-stm32.7-2018-q2-update.win32_1.4.0.202007081208/tools/bin/../lib/gcc/arm-none-eabi/7.3.1/../../../../arm-none-eabi/lib/thumb/v7-m\libm.a(lib_a-w_pow.o)
                0x00000000080037b8                pow
 .text.__ieee754_fmod
                0x0000000008003a70      0x214 c:/st/stm32cubeide_1.4.0/stm32cubeide/plugins/com.st.stm32cube.ide.mcu.externaltools.gnu-tools-for-stm32.7-2018-q2-update.win32_1.4.0.202007081208/tools/bin/../lib/gcc/arm-none-eabi/7.3.1/../../../../arm-none-eabi/lib/thumb/v7-m\libm.a(lib_a-e_fmod.o)
                0x0000000008003a70                __ieee754_fmod
 *fill*         0x0000000008003c84        0x4 
 .text.__ieee754_pow
                0x0000000008003c88      0xa14 c:/st/stm32cubeide_1.4.0/stm32cubeide/plugins/com.st.stm32cube.ide.mcu.externaltools.gnu-tools-for-stm32.7-2018-q2-update.win32_1.4.0.202007081208/tools/bin/../lib/gcc/arm-none-eabi/7.3.1/../../../../arm-none-eabi/lib/thumb/v7-m\libm.a(lib_a-e_pow.o)
                0x0000000008003c88                __ieee754_pow
 .text.__ieee754_sqrt
                0x000000000800469c      0x158 c:/st/stm32cubeide_1.4.0/stm32cubeide/plugins/com.st.stm32cube.ide.mcu.externaltools.gnu-tools-for-stm32.7-2018-q2-update.win32_1.4.0.202007081208/tools/bin/../lib/gcc/arm-none-eabi/7.3.1/../../../../arm-none-eabi/lib/thumb/v7-m\libm.a(lib_a-e_sqrt.o)
                0x000000000800469c                __ieee754_sqrt
 .text.fabs     0x00000000080047f4        0x8 c:/st/stm32cubeide_1.4.0/stm32cubeide/plugins/com.st.stm32cube.ide.mcu.externaltools.gnu-tools-for-stm32.7-2018-q2-update.win32_1.4.0.202007081208/tools/bin/../lib/gcc/arm-none-eabi/7.3.1/../../../../arm-none-eabi/lib/thumb/v7-m\libm.a(lib_a-s_fabs.o)
                0x00000000080047f4                fabs
 .text.finite   0x00000000080047fc        0xc c:/st/stm32cubeide_1.4.0/stm32cubeide/plugins/com.st.stm32cube.ide.mcu.externaltools.gnu-tools-for-stm32.7-2018-q2-update.win32_1.4.0.202007081208/tools/bin/../lib/gcc/arm-none-eabi/7.3.1/../../../../arm-none-eabi/lib/thumb/v7-m\libm.a(lib_a-s_finite.o)
                0x00000000080047fc                finite
 .text.matherr  0x0000000008004808        0x4 c:/st/stm32cubeide_1.4.0/stm32cubeide/plugins/com.st.stm32cube.ide.mcu.externaltools.gnu-tools-for-stm32.7-2018-q2-update.win32_1.4.0.202007081208/tools/bin/../lib/gcc/arm-none-eabi/7.3.1/../../../../arm-none-eabi/lib/thumb/v7-m\libm.a(lib_a-s_matherr.o)
                0x0000000008004808                matherr
 .text.nan      0x000000000800480c        0xc c:/st/stm32cubeide_1.4.0/stm32cubeide/plugins/com.st.stm32cube.ide.mcu.externaltools.gnu-tools-for-stm32.7-2018-q2-update.win32_1.4.0.202007081208/tools/bin/../lib/gcc/arm-none-eabi/7.3.1/../../../../arm-none-eabi/lib/thumb/v7-m\libm.a(lib_a-s_nan.o)
                0x000000000800480c                nan
 .text.rint     0x0000000008004818      0x114 c:/st/stm32cubeide_1.4.0/stm32cubeide/plugins/com.st.stm32cube.ide.mcu.externaltools.gnu-tools-for-stm32.7-2018-q2-update.win32_1.4.0.202007081208/tools/bin/../lib/gcc/arm-none-eabi/7.3.1/../../../../arm-none-eabi/lib/thumb/v7-m\libm.a(lib_a-s_rint.o)
                0x0000000008004818                rint
 *fill*         0x000000000800492c        0x4 
 .text.scalbn   0x0000000008004930       0xdc c:/st/stm32cubeide_1.4.0/stm32cubeide/plugins/com.st.stm32cube.ide.mcu.externaltools.gnu-tools-for-stm32.7-2018-q2-update.win32_1.4.0.202007081208/tools/bin/../lib/gcc/arm-none-eabi/7.3.1/../../../../arm-none-eabi/lib/thumb/v7-m\libm.a(lib_a-s_scalbn.o)
                0x0000000008004930                scalbn
 .text.copysign
                0x0000000008004a0c       0x12 c:/st/stm32cubeide_1.4.0/stm32cubeide/plugins/com.st.stm32cube.ide.mcu.externaltools.gnu-tools-for-stm32.7-2018-q2-update.win32_1.4.0.202007081208/tools/bin/../lib/gcc/arm-none-eabi/7.3.1/../../../../arm-none-eabi/lib/thumb/v7-m\libm.a(lib_a-s_copysign.o)
                0x0000000008004a0c                copysign
 *(.glue_7)
 .glue_7        0x0000000008004a1e        0x0 linker stubs
 *(.glue_7t)
 .glue_7t       0x0000000008004a1e        0x0 linker stubs
 *(.eh_frame)
 *fill*         0x0000000008004a1e        0x2 
 .eh_frame      0x0000000008004a20        0x0 c:/st/stm32cubeide_1.4.0/stm32cubeide/plugins/com.st.stm32cube.ide.mcu.externaltools.gnu-tools-for-stm32.7-2018-q2-update.win32_1.4.0.202007081208/tools/bin/../lib/gcc/arm-none-eabi/7.3.1/thumb/v7-m/crtbegin.o
 *(.init)
 .init          0x0000000008004a20        0x4 c:/st/stm32cubeide_1.4.0/stm32cubeide/plugins/com.st.stm32cube.ide.mcu.externaltools.gnu-tools-for-stm32.7-2018-q2-update.win32_1.4.0.202007081208/tools/bin/../lib/gcc/arm-none-eabi/7.3.1/thumb/v7-m/crti.o
                0x0000000008004a20                _init
 .init          0x0000000008004a24        0x8 c:/st/stm32cubeide_1.4.0/stm32cubeide/plugins/com.st.stm32cube.ide.mcu.externaltools.gnu-tools-for-stm32.7-2018-q2-update.win32_1.4.0.202007081208/tools/bin/../lib/gcc/arm-none-eabi/7.3.1/thumb/v7-m/crtn.o
 *(.fini)
 .fini          0x0000000008004a2c        0x4 c:/st/stm32cubeide_1.4.0/stm32cubeide/plugins/com.st.stm32cube.ide.mcu.externaltools.gnu-tools-for-stm32.7-2018-q2-update.win32_1.4.0.202007081208/tools/bin/../lib/gcc/arm-none-eabi/7.3.1/thumb/v7-m/crti.o
                0x0000000008004a2c                _fini
 .fini          0x0000000008004a30        0x8 c:/st/stm32cubeide_1.4.0/stm32cubeide/plugins/com.st.stm32cube.ide.mcu.externaltools.gnu-tools-for-stm32.7-2018-q2-update.win32_1.4.0.202007081208/tools/bin/../lib/gcc/arm-none-eabi/7.3.1/thumb/v7-m/crtn.o
                0x0000000008004a38                . = ALIGN (0x4)
                0x0000000008004a38                _etext = .

.vfp11_veneer   0x0000000008004a38        0x0
 .vfp11_veneer  0x0000000008004a38        0x0 linker stubs

.v4_bx          0x0000000008004a38        0x0
 .v4_bx         0x0000000008004a38        0x0 linker stubs

.iplt           0x0000000008004a38        0x0
 .iplt          0x0000000008004a38        0x0 c:/st/stm32cubeide_1.4.0/stm32cubeide/plugins/com.st.stm32cube.ide.mcu.externaltools.gnu-tools-for-stm32.7-2018-q2-update.win32_1.4.0.202007081208/tools/bin/../lib/gcc/arm-none-eabi/7.3.1/thumb/v7-m/crtbegin.o

.rodata         0x0000000008004a38      0x240
                0x0000000008004a38                . = ALIGN (0x4)
 *(.rodata)
 .rodata        0x0000000008004a38        0x5 FreeRTOS/tasks.o
 *fill*         0x0000000008004a3d        0x3 
 .rodata        0x0000000008004a40       0x90 Src/main.o
 *(.rodata*)
 .rodata.APBPrescTable
                0x0000000008004ad0        0x8 STM32f103_Drivers/STM32_F103C6_RCC_DRIVERS.o
                0x0000000008004ad0                APBPrescTable
 .rodata.AHBPrescTable
                0x0000000008004ad8       0x10 STM32f103_Drivers/STM32_F103C6_RCC_DRIVERS.o
                0x0000000008004ad8                AHBPrescTable
 .rodata.__utoa.str1.1
                0x0000000008004ae8       0x25 c:/st/stm32cubeide_1.4.0/stm32cubeide/plugins/com.st.stm32cube.ide.mcu.externaltools.gnu-tools-for-stm32.7-2018-q2-update.win32_1.4.0.202007081208/tools/bin/../lib/gcc/arm-none-eabi/7.3.1/../../../../arm-none-eabi/lib/thumb/v7-m\libc_nano.a(lib_a-utoa.o)
 .rodata._setlocale_r.str1.1
                0x0000000008004b0d        0x8 c:/st/stm32cubeide_1.4.0/stm32cubeide/plugins/com.st.stm32cube.ide.mcu.externaltools.gnu-tools-for-stm32.7-2018-q2-update.win32_1.4.0.202007081208/tools/bin/../lib/gcc/arm-none-eabi/7.3.1/../../../../arm-none-eabi/lib/thumb/v7-m\libc_nano.a(lib_a-locale.o)
                                          0x9 (size before relaxing)
 .rodata.str1.1
                0x0000000008004b15        0x2 c:/st/stm32cubeide_1.4.0/stm32cubeide/plugins/com.st.stm32cube.ide.mcu.externaltools.gnu-tools-for-stm32.7-2018-q2-update.win32_1.4.0.202007081208/tools/bin/../lib/gcc/arm-none-eabi/7.3.1/../../../../arm-none-eabi/lib/thumb/v7-m\libc_nano.a(lib_a-locale.o)
 .rodata._ctype_
                0x0000000008004b17      0x101 c:/st/stm32cubeide_1.4.0/stm32cubeide/plugins/com.st.stm32cube.ide.mcu.externaltools.gnu-tools-for-stm32.7-2018-q2-update.win32_1.4.0.202007081208/tools/bin/../lib/gcc/arm-none-eabi/7.3.1/../../../../arm-none-eabi/lib/thumb/v7-m\libc_nano.a(lib_a-ctype_.o)
                0x0000000008004b17                _ctype_
 .rodata.fmod.str1.1
                0x0000000008004c18        0x5 c:/st/stm32cubeide_1.4.0/stm32cubeide/plugins/com.st.stm32cube.ide.mcu.externaltools.gnu-tools-for-stm32.7-2018-q2-update.win32_1.4.0.202007081208/tools/bin/../lib/gcc/arm-none-eabi/7.3.1/../../../../arm-none-eabi/lib/thumb/v7-m\libm.a(lib_a-w_fmod.o)
 .rodata.pow.str1.1
                0x0000000008004c1d        0x4 c:/st/stm32cubeide_1.4.0/stm32cubeide/plugins/com.st.stm32cube.ide.mcu.externaltools.gnu-tools-for-stm32.7-2018-q2-update.win32_1.4.0.202007081208/tools/bin/../lib/gcc/arm-none-eabi/7.3.1/../../../../arm-none-eabi/lib/thumb/v7-m\libm.a(lib_a-w_pow.o)
 *fill*         0x0000000008004c21        0x7 
 .rodata.Zero   0x0000000008004c28       0x10 c:/st/stm32cubeide_1.4.0/stm32cubeide/plugins/com.st.stm32cube.ide.mcu.externaltools.gnu-tools-for-stm32.7-2018-q2-update.win32_1.4.0.202007081208/tools/bin/../lib/gcc/arm-none-eabi/7.3.1/../../../../arm-none-eabi/lib/thumb/v7-m\libm.a(lib_a-e_fmod.o)
 .rodata.__ieee754_pow.str1.1
                0x0000000008004c38        0x1 c:/st/stm32cubeide_1.4.0/stm32cubeide/plugins/com.st.stm32cube.ide.mcu.externaltools.gnu-tools-for-stm32.7-2018-q2-update.win32_1.4.0.202007081208/tools/bin/../lib/gcc/arm-none-eabi/7.3.1/../../../../arm-none-eabi/lib/thumb/v7-m\libm.a(lib_a-e_pow.o)
 .rodata.bp     0x0000000008004c38       0x10 c:/st/stm32cubeide_1.4.0/stm32cubeide/plugins/com.st.stm32cube.ide.mcu.externaltools.gnu-tools-for-stm32.7-2018-q2-update.win32_1.4.0.202007081208/tools/bin/../lib/gcc/arm-none-eabi/7.3.1/../../../../arm-none-eabi/lib/thumb/v7-m\libm.a(lib_a-e_pow.o)
 .rodata.dp_h   0x0000000008004c48       0x10 c:/st/stm32cubeide_1.4.0/stm32cubeide/plugins/com.st.stm32cube.ide.mcu.externaltools.gnu-tools-for-stm32.7-2018-q2-update.win32_1.4.0.202007081208/tools/bin/../lib/gcc/arm-none-eabi/7.3.1/../../../../arm-none-eabi/lib/thumb/v7-m\libm.a(lib_a-e_pow.o)
 .rodata.dp_l   0x0000000008004c58       0x10 c:/st/stm32cubeide_1.4.0/stm32cubeide/plugins/com.st.stm32cube.ide.mcu.externaltools.gnu-tools-for-stm32.7-2018-q2-update.win32_1.4.0.202007081208/tools/bin/../lib/gcc/arm-none-eabi/7.3.1/../../../../arm-none-eabi/lib/thumb/v7-m\libm.a(lib_a-e_pow.o)
 .rodata.TWO52  0x0000000008004c68       0x10 c:/st/stm32cubeide_1.4.0/stm32cubeide/plugins/com.st.stm32cube.ide.mcu.externaltools.gnu-tools-for-stm32.7-2018-q2-update.win32_1.4.0.202007081208/tools/bin/../lib/gcc/arm-none-eabi/7.3.1/../../../../arm-none-eabi/lib/thumb/v7-m\libm.a(lib_a-s_rint.o)
                0x0000000008004c78                . = ALIGN (0x4)

.rel.dyn        0x0000000008004c78        0x0
 .rel.iplt      0x0000000008004c78        0x0 c:/st/stm32cubeide_1.4.0/stm32cubeide/plugins/com.st.stm32cube.ide.mcu.externaltools.gnu-tools-for-stm32.7-2018-q2-update.win32_1.4.0.202007081208/tools/bin/../lib/gcc/arm-none-eabi/7.3.1/thumb/v7-m/crtbegin.o

.ARM.extab      0x0000000008004c78        0x0
                0x0000000008004c78                . = ALIGN (0x4)
 *(.ARM.extab* .gnu.linkonce.armextab.*)
                0x0000000008004c78                . = ALIGN (0x4)

.ARM            0x0000000008004c78        0x0
                0x0000000008004c78                . = ALIGN (0x4)
                0x0000000008004c78                __exidx_start = .
 *(.ARM.exidx*)
                0x0000000008004c78                __exidx_end = .
                0x0000000008004c78                . = ALIGN (0x4)

.preinit_array  0x0000000008004c78        0x0
                0x0000000008004c78                . = ALIGN (0x4)
                0x0000000008004c78                PROVIDE (__preinit_array_start = .)
 *(.preinit_array*)
                0x0000000008004c78                PROVIDE (__preinit_array_end = .)
                0x0000000008004c78                . = ALIGN (0x4)

.init_array     0x0000000008004c78        0x4
                0x0000000008004c78                . = ALIGN (0x4)
                0x0000000008004c78                PROVIDE (__init_array_start = .)
 *(SORT_BY_NAME(.init_array.*))
 *(.init_array*)
 .init_array    0x0000000008004c78        0x4 c:/st/stm32cubeide_1.4.0/stm32cubeide/plugins/com.st.stm32cube.ide.mcu.externaltools.gnu-tools-for-stm32.7-2018-q2-update.win32_1.4.0.202007081208/tools/bin/../lib/gcc/arm-none-eabi/7.3.1/thumb/v7-m/crtbegin.o
                0x0000000008004c7c                PROVIDE (__init_array_end = .)
                0x0000000008004c7c                . = ALIGN (0x4)

.fini_array     0x0000000008004c7c        0x4
                0x0000000008004c7c                . = ALIGN (0x4)
                [!provide]                        PROVIDE (__fini_array_start = .)
 *(SORT_BY_NAME(.fini_array.*))
 *(.fini_array*)
 .fini_array    0x0000000008004c7c        0x4 c:/st/stm32cubeide_1.4.0/stm32cubeide/plugins/com.st.stm32cube.ide.mcu.externaltools.gnu-tools-for-stm32.7-2018-q2-update.win32_1.4.0.202007081208/tools/bin/../lib/gcc/arm-none-eabi/7.3.1/thumb/v7-m/crtbegin.o
                [!provide]                        PROVIDE (__fini_array_end = .)
                0x0000000008004c80                . = ALIGN (0x4)
                0x0000000008004c80                _sidata = LOADADDR (.data)

.data           0x0000000020000000      0x1f0 load address 0x0000000008004c80
                0x0000000020000000                . = ALIGN (0x4)
                0x0000000020000000                _sdata = .
 *(.data)
 *(.data*)
 .data.uxTopUsedPriority
                0x0000000020000000        0x4 FreeRTOS/tasks.o
                0x0000000020000000                uxTopUsedPriority
 .data.uxCriticalNesting
                0x0000000020000004        0x4 FreeRTOS/portable/GCC/ARM_CM3/port.o
 .data.p        0x0000000020000008        0x8 Src/main.o
                0x0000000020000008                p
 .data.q        0x0000000020000010        0x8 Src/main.o
                0x0000000020000010                q
 .data.Buff_NewLine
                0x0000000020000018        0x2 Src/main.o
                0x0000000020000018                Buff_NewLine
 *fill*         0x000000002000001a        0x2 
 .data._impure_ptr
                0x000000002000001c        0x4 c:/st/stm32cubeide_1.4.0/stm32cubeide/plugins/com.st.stm32cube.ide.mcu.externaltools.gnu-tools-for-stm32.7-2018-q2-update.win32_1.4.0.202007081208/tools/bin/../lib/gcc/arm-none-eabi/7.3.1/../../../../arm-none-eabi/lib/thumb/v7-m\libc_nano.a(lib_a-impure.o)
                0x000000002000001c                _impure_ptr
 .data.impure_data
                0x0000000020000020       0x60 c:/st/stm32cubeide_1.4.0/stm32cubeide/plugins/com.st.stm32cube.ide.mcu.externaltools.gnu-tools-for-stm32.7-2018-q2-update.win32_1.4.0.202007081208/tools/bin/../lib/gcc/arm-none-eabi/7.3.1/../../../../arm-none-eabi/lib/thumb/v7-m\libc_nano.a(lib_a-impure.o)
 .data.__global_locale
                0x0000000020000080      0x16c c:/st/stm32cubeide_1.4.0/stm32cubeide/plugins/com.st.stm32cube.ide.mcu.externaltools.gnu-tools-for-stm32.7-2018-q2-update.win32_1.4.0.202007081208/tools/bin/../lib/gcc/arm-none-eabi/7.3.1/../../../../arm-none-eabi/lib/thumb/v7-m\libc_nano.a(lib_a-locale.o)
                0x0000000020000080                __global_locale
 .data.__fdlib_version
                0x00000000200001ec        0x1 c:/st/stm32cubeide_1.4.0/stm32cubeide/plugins/com.st.stm32cube.ide.mcu.externaltools.gnu-tools-for-stm32.7-2018-q2-update.win32_1.4.0.202007081208/tools/bin/../lib/gcc/arm-none-eabi/7.3.1/../../../../arm-none-eabi/lib/thumb/v7-m\libm.a(lib_a-s_lib_ver.o)
                0x00000000200001ec                __fdlib_version
                0x00000000200001f0                . = ALIGN (0x4)
 *fill*         0x00000000200001ed        0x3 
                0x00000000200001f0                _edata = .

.igot.plt       0x00000000200001f0        0x0 load address 0x0000000008004e70
 .igot.plt      0x00000000200001f0        0x0 c:/st/stm32cubeide_1.4.0/stm32cubeide/plugins/com.st.stm32cube.ide.mcu.externaltools.gnu-tools-for-stm32.7-2018-q2-update.win32_1.4.0.202007081208/tools/bin/../lib/gcc/arm-none-eabi/7.3.1/thumb/v7-m/crtbegin.o
                0x00000000200001f0                . = ALIGN (0x4)

.bss            0x00000000200001f0     0x1274 load address 0x0000000008004e70
                0x00000000200001f0                _sbss = .
                0x00000000200001f0                __bss_start__ = _sbss
 *(.bss)
 .bss           0x00000000200001f0       0x1c c:/st/stm32cubeide_1.4.0/stm32cubeide/plugins/com.st.stm32cube.ide.mcu.externaltools.gnu-tools-for-stm32.7-2018-q2-update.win32_1.4.0.202007081208/tools/bin/../lib/gcc/arm-none-eabi/7.3.1/thumb/v7-m/crtbegin.o
 *(.bss*)
 .bss.pxCurrentTCB
                0x000000002000020c        0x4 FreeRTOS/tasks.o
                0x000000002000020c                pxCurrentTCB
 .bss.pxReadyTasksLists
                0x0000000020000210       0x64 FreeRTOS/tasks.o
 .bss.xDelayedTaskList1
                0x0000000020000274       0x14 FreeRTOS/tasks.o
 .bss.xDelayedTaskList2
                0x0000000020000288       0x14 FreeRTOS/tasks.o
 .bss.pxDelayedTaskList
                0x000000002000029c        0x4 FreeRTOS/tasks.o
 .bss.pxOverflowDelayedTaskList
                0x00000000200002a0        0x4 FreeRTOS/tasks.o
 .bss.xPendingReadyList
                0x00000000200002a4       0x14 FreeRTOS/tasks.o
 .bss.xTasksWaitingTermination
                0x00000000200002b8       0x14 FreeRTOS/tasks.o
 .bss.uxDeletedTasksWaitingCleanUp
                0x00000000200002cc        0x4 FreeRTOS/tasks.o
 .bss.xSuspendedTaskList
                0x00000000200002d0       0x14 FreeRTOS/tasks.o
 .bss.uxCurrentNumberOfTasks
                0x00000000200002e4        0x4 FreeRTOS/tasks.o
 .bss.xTickCount
                0x00000000200002e8        0x4 FreeRTOS/tasks.o
 .bss.uxTopReadyPriority
                0x00000000200002ec        0x4 FreeRTOS/tasks.o
 .bss.xSchedulerRunning
                0x00000000200002f0        0x4 FreeRTOS/tasks.o
 .bss.xPendedTicks
                0x00000000200002f4        0x4 FreeRTOS/tasks.o
 .bss.xYieldPending
                0x00000000200002f8        0x4 FreeRTOS/tasks.o
 .bss.xNumOfOverflows
                0x00000000200002fc        0x4 FreeRTOS/tasks.o
 .bss.uxTaskNumber
                0x0000000020000300        0x4 FreeRTOS/tasks.o
 .bss.xNextTaskUnblockTime
                0x0000000020000304        0x4 FreeRTOS/tasks.o
 .bss.xIdleTaskHandle
                0x0000000020000308        0x4 FreeRTOS/tasks.o
 .bss.uxSchedulerSuspended
                0x000000002000030c        0x4 FreeRTOS/tasks.o
 .bss.ucHeap    0x0000000020000310     0x1000 FreeRTOS/portable/MemMang/heap_4.o
 .bss.xStart    0x0000000020001310        0x8 FreeRTOS/portable/MemMang/heap_4.o
 .bss.pxEnd     0x0000000020001318        0x4 FreeRTOS/portable/MemMang/heap_4.o
 .bss.xFreeBytesRemaining
                0x000000002000131c        0x4 FreeRTOS/portable/MemMang/heap_4.o
 .bss.xMinimumEverFreeBytesRemaining
                0x0000000020001320        0x4 FreeRTOS/portable/MemMang/heap_4.o
 .bss.xNumberOfSuccessfulAllocations
                0x0000000020001324        0x4 FreeRTOS/portable/MemMang/heap_4.o
 .bss.xNumberOfSuccessfulFrees
                0x0000000020001328        0x4 FreeRTOS/portable/MemMang/heap_4.o
 .bss.xBlockAllocatedBit
                0x000000002000132c        0x4 FreeRTOS/portable/MemMang/heap_4.o
 .bss.euler     0x0000000020001330        0x8 Src/main.o
                0x0000000020001330                euler
 .bss.n         0x0000000020001338        0x8 Src/main.o
                0x0000000020001338                n
 .bss.e         0x0000000020001340        0x8 Src/main.o
                0x0000000020001340                e
 .bss.d         0x0000000020001348        0x8 Src/main.o
                0x0000000020001348                d
 .bss.Encryption_Message
                0x0000000020001350        0x4 Src/main.o
                0x0000000020001350                Encryption_Message
 .bss.xOriginal_massage_Task1_Handle
                0x0000000020001354        0x4 Src/main.o
                0x0000000020001354                xOriginal_massage_Task1_Handle
 .bss.xEncryptionTask2_Handle
                0x0000000020001358        0x4 Src/main.o
                0x0000000020001358                xEncryptionTask2_Handle
 .bss.xDesplay_EncryptedTask3_Handle
                0x000000002000135c        0x4 Src/main.o
                0x000000002000135c                xDesplay_EncryptedTask3_Handle
 .bss.xSmphor_Dsply_Encrpted_Mess
                0x0000000020001360        0x4 Src/main.o
                0x0000000020001360                xSmphor_Dsply_Encrpted_Mess
 .bss.xSmphor_Start_Encryption
                0x0000000020001364        0x4 Src/main.o
                0x0000000020001364                xSmphor_Start_Encryption
 .bss.xSmphor_Desply_Orig_Mass
                0x0000000020001368        0x4 Src/main.o
                0x0000000020001368                xSmphor_Desply_Orig_Mass
 .bss.USART2_Rcv_Original_Message
                0x000000002000136c        0x4 Src/main.o
                0x000000002000136c                USART2_Rcv_Original_Message
 .bss.Temp_Rcv_Ogn_Msg
                0x0000000020001370        0x4 Src/main.o
                0x0000000020001370                Temp_Rcv_Ogn_Msg
 .bss.Flg_Syn_InISR
                0x0000000020001374        0x1 Src/main.o
                0x0000000020001374                Flg_Syn_InISR
 *(COMMON)
 *fill*         0x0000000020001375        0x3 
 COMMON         0x0000000020001378       0x3c STM32f103_Drivers/EXTI_DRIVER.o
                0x0000000020001378                GP_IRQ_CALLBACK
 COMMON         0x00000000200013b4       0x3c STM32f103_Drivers/STM32F103C6_USART_DRIVERS.o
                0x00000000200013b4                Global_UART_Config
 COMMON         0x00000000200013f0       0x72 Src/main.o
                0x00000000200013f0                Buf_Print_Trsm_Org_Msg
                0x0000000020001422                Rec_Data_UART2
                0x0000000020001424                buffer_Encryption
                0x0000000020001458                bufferToSendToUART1
                0x0000000020001464                . = ALIGN (0x4)
 *fill*         0x0000000020001462        0x2 
                0x0000000020001464                _ebss = .
                0x0000000020001464                __bss_end__ = _ebss

._user_heap_stack
                0x0000000020001464      0x604 load address 0x0000000008004e70
                0x0000000020001468                . = ALIGN (0x8)
 *fill*         0x0000000020001464        0x4 
                [!provide]                        PROVIDE (end = .)
                0x0000000020001468                PROVIDE (_end = .)
                0x0000000020001668                . = (. + _Min_Heap_Size)
 *fill*         0x0000000020001468      0x200 
                0x0000000020001a68                . = (. + _Min_Stack_Size)
 *fill*         0x0000000020001668      0x400 
                0x0000000020001a68                . = ALIGN (0x8)

/DISCARD/
 libc.a(*)
 libm.a(*)
 libgcc.a(*)

.ARM.attributes
                0x0000000000000000       0x29
 *(.ARM.attributes)
 .ARM.attributes
                0x0000000000000000       0x1d c:/st/stm32cubeide_1.4.0/stm32cubeide/plugins/com.st.stm32cube.ide.mcu.externaltools.gnu-tools-for-stm32.7-2018-q2-update.win32_1.4.0.202007081208/tools/bin/../lib/gcc/arm-none-eabi/7.3.1/thumb/v7-m/crti.o
 .ARM.attributes
                0x000000000000001d       0x2d c:/st/stm32cubeide_1.4.0/stm32cubeide/plugins/com.st.stm32cube.ide.mcu.externaltools.gnu-tools-for-stm32.7-2018-q2-update.win32_1.4.0.202007081208/tools/bin/../lib/gcc/arm-none-eabi/7.3.1/thumb/v7-m/crtbegin.o
 .ARM.attributes
                0x000000000000004a       0x33 FreeRTOS/list.o
 .ARM.attributes
                0x000000000000007d       0x33 FreeRTOS/queue.o
 .ARM.attributes
                0x00000000000000b0       0x33 FreeRTOS/tasks.o
 .ARM.attributes
                0x00000000000000e3       0x33 FreeRTOS/portable/GCC/ARM_CM3/port.o
 .ARM.attributes
                0x0000000000000116       0x33 FreeRTOS/portable/MemMang/heap_4.o
 .ARM.attributes
                0x0000000000000149       0x33 RSA_Algorithm/RSA_Algorithm.o
 .ARM.attributes
                0x000000000000017c       0x33 STM32f103_Drivers/EXTI_DRIVER.o
 .ARM.attributes
                0x00000000000001af       0x33 STM32f103_Drivers/STM32F103C6_USART_DRIVERS.o
 .ARM.attributes
                0x00000000000001e2       0x33 STM32f103_Drivers/STM32_F103C6_GPIO_DRIVERS.o
 .ARM.attributes
                0x0000000000000215       0x33 STM32f103_Drivers/STM32_F103C6_RCC_DRIVERS.o
 .ARM.attributes
                0x0000000000000248       0x33 Src/main.o
 .ARM.attributes
                0x000000000000027b       0x21 Startup/startup_stm32f103c6tx.o
 .ARM.attributes
                0x000000000000029c       0x2d c:/st/stm32cubeide_1.4.0/stm32cubeide/plugins/com.st.stm32cube.ide.mcu.externaltools.gnu-tools-for-stm32.7-2018-q2-update.win32_1.4.0.202007081208/tools/bin/../lib/gcc/arm-none-eabi/7.3.1/../../../../arm-none-eabi/lib/thumb/v7-m\libc_nano.a(lib_a-atoi.o)
 .ARM.attributes
                0x00000000000002c9       0x2d c:/st/stm32cubeide_1.4.0/stm32cubeide/plugins/com.st.stm32cube.ide.mcu.externaltools.gnu-tools-for-stm32.7-2018-q2-update.win32_1.4.0.202007081208/tools/bin/../lib/gcc/arm-none-eabi/7.3.1/../../../../arm-none-eabi/lib/thumb/v7-m\libc_nano.a(lib_a-errno.o)
 .ARM.attributes
                0x00000000000002f6       0x2d c:/st/stm32cubeide_1.4.0/stm32cubeide/plugins/com.st.stm32cube.ide.mcu.externaltools.gnu-tools-for-stm32.7-2018-q2-update.win32_1.4.0.202007081208/tools/bin/../lib/gcc/arm-none-eabi/7.3.1/../../../../arm-none-eabi/lib/thumb/v7-m\libc_nano.a(lib_a-impure.o)
 .ARM.attributes
                0x0000000000000323       0x2d c:/st/stm32cubeide_1.4.0/stm32cubeide/plugins/com.st.stm32cube.ide.mcu.externaltools.gnu-tools-for-stm32.7-2018-q2-update.win32_1.4.0.202007081208/tools/bin/../lib/gcc/arm-none-eabi/7.3.1/../../../../arm-none-eabi/lib/thumb/v7-m\libc_nano.a(lib_a-init.o)
 .ARM.attributes
                0x0000000000000350       0x2d c:/st/stm32cubeide_1.4.0/stm32cubeide/plugins/com.st.stm32cube.ide.mcu.externaltools.gnu-tools-for-stm32.7-2018-q2-update.win32_1.4.0.202007081208/tools/bin/../lib/gcc/arm-none-eabi/7.3.1/../../../../arm-none-eabi/lib/thumb/v7-m\libc_nano.a(lib_a-itoa.o)
 .ARM.attributes
                0x000000000000037d       0x2d c:/st/stm32cubeide_1.4.0/stm32cubeide/plugins/com.st.stm32cube.ide.mcu.externaltools.gnu-tools-for-stm32.7-2018-q2-update.win32_1.4.0.202007081208/tools/bin/../lib/gcc/arm-none-eabi/7.3.1/../../../../arm-none-eabi/lib/thumb/v7-m\libc_nano.a(lib_a-memcpy-stub.o)
 .ARM.attributes
                0x00000000000003aa       0x2d c:/st/stm32cubeide_1.4.0/stm32cubeide/plugins/com.st.stm32cube.ide.mcu.externaltools.gnu-tools-for-stm32.7-2018-q2-update.win32_1.4.0.202007081208/tools/bin/../lib/gcc/arm-none-eabi/7.3.1/../../../../arm-none-eabi/lib/thumb/v7-m\libc_nano.a(lib_a-memset.o)
 .ARM.attributes
                0x00000000000003d7       0x17 c:/st/stm32cubeide_1.4.0/stm32cubeide/plugins/com.st.stm32cube.ide.mcu.externaltools.gnu-tools-for-stm32.7-2018-q2-update.win32_1.4.0.202007081208/tools/bin/../lib/gcc/arm-none-eabi/7.3.1/../../../../arm-none-eabi/lib/thumb/v7-m\libc_nano.a(lib_a-strlen.o)
 .ARM.attributes
                0x00000000000003ee       0x2d c:/st/stm32cubeide_1.4.0/stm32cubeide/plugins/com.st.stm32cube.ide.mcu.externaltools.gnu-tools-for-stm32.7-2018-q2-update.win32_1.4.0.202007081208/tools/bin/../lib/gcc/arm-none-eabi/7.3.1/../../../../arm-none-eabi/lib/thumb/v7-m\libc_nano.a(lib_a-strtol.o)
 .ARM.attributes
                0x000000000000041b       0x2d c:/st/stm32cubeide_1.4.0/stm32cubeide/plugins/com.st.stm32cube.ide.mcu.externaltools.gnu-tools-for-stm32.7-2018-q2-update.win32_1.4.0.202007081208/tools/bin/../lib/gcc/arm-none-eabi/7.3.1/../../../../arm-none-eabi/lib/thumb/v7-m\libc_nano.a(lib_a-utoa.o)
 .ARM.attributes
                0x0000000000000448       0x2d c:/st/stm32cubeide_1.4.0/stm32cubeide/plugins/com.st.stm32cube.ide.mcu.externaltools.gnu-tools-for-stm32.7-2018-q2-update.win32_1.4.0.202007081208/tools/bin/../lib/gcc/arm-none-eabi/7.3.1/../../../../arm-none-eabi/lib/thumb/v7-m\libc_nano.a(lib_a-locale.o)
 .ARM.attributes
                0x0000000000000475       0x2d c:/st/stm32cubeide_1.4.0/stm32cubeide/plugins/com.st.stm32cube.ide.mcu.externaltools.gnu-tools-for-stm32.7-2018-q2-update.win32_1.4.0.202007081208/tools/bin/../lib/gcc/arm-none-eabi/7.3.1/../../../../arm-none-eabi/lib/thumb/v7-m\libc_nano.a(lib_a-mbtowc_r.o)
 .ARM.attributes
                0x00000000000004a2       0x2d c:/st/stm32cubeide_1.4.0/stm32cubeide/plugins/com.st.stm32cube.ide.mcu.externaltools.gnu-tools-for-stm32.7-2018-q2-update.win32_1.4.0.202007081208/tools/bin/../lib/gcc/arm-none-eabi/7.3.1/../../../../arm-none-eabi/lib/thumb/v7-m\libc_nano.a(lib_a-wctomb_r.o)
 .ARM.attributes
                0x00000000000004cf       0x2d c:/st/stm32cubeide_1.4.0/stm32cubeide/plugins/com.st.stm32cube.ide.mcu.externaltools.gnu-tools-for-stm32.7-2018-q2-update.win32_1.4.0.202007081208/tools/bin/../lib/gcc/arm-none-eabi/7.3.1/../../../../arm-none-eabi/lib/thumb/v7-m\libc_nano.a(lib_a-ctype_.o)
 .ARM.attributes
                0x00000000000004fc       0x2d c:/st/stm32cubeide_1.4.0/stm32cubeide/plugins/com.st.stm32cube.ide.mcu.externaltools.gnu-tools-for-stm32.7-2018-q2-update.win32_1.4.0.202007081208/tools/bin/../lib/gcc/arm-none-eabi/7.3.1/../../../../arm-none-eabi/lib/thumb/v7-m\libm.a(lib_a-w_fmod.o)
 .ARM.attributes
                0x0000000000000529       0x2d c:/st/stm32cubeide_1.4.0/stm32cubeide/plugins/com.st.stm32cube.ide.mcu.externaltools.gnu-tools-for-stm32.7-2018-q2-update.win32_1.4.0.202007081208/tools/bin/../lib/gcc/arm-none-eabi/7.3.1/../../../../arm-none-eabi/lib/thumb/v7-m\libm.a(lib_a-w_pow.o)
 .ARM.attributes
                0x0000000000000556       0x2d c:/st/stm32cubeide_1.4.0/stm32cubeide/plugins/com.st.stm32cube.ide.mcu.externaltools.gnu-tools-for-stm32.7-2018-q2-update.win32_1.4.0.202007081208/tools/bin/../lib/gcc/arm-none-eabi/7.3.1/../../../../arm-none-eabi/lib/thumb/v7-m\libm.a(lib_a-e_fmod.o)
 .ARM.attributes
                0x0000000000000583       0x2d c:/st/stm32cubeide_1.4.0/stm32cubeide/plugins/com.st.stm32cube.ide.mcu.externaltools.gnu-tools-for-stm32.7-2018-q2-update.win32_1.4.0.202007081208/tools/bin/../lib/gcc/arm-none-eabi/7.3.1/../../../../arm-none-eabi/lib/thumb/v7-m\libm.a(lib_a-e_pow.o)
 .ARM.attributes
                0x00000000000005b0       0x2d c:/st/stm32cubeide_1.4.0/stm32cubeide/plugins/com.st.stm32cube.ide.mcu.externaltools.gnu-tools-for-stm32.7-2018-q2-update.win32_1.4.0.202007081208/tools/bin/../lib/gcc/arm-none-eabi/7.3.1/../../../../arm-none-eabi/lib/thumb/v7-m\libm.a(lib_a-e_sqrt.o)
 .ARM.attributes
                0x00000000000005dd       0x2d c:/st/stm32cubeide_1.4.0/stm32cubeide/plugins/com.st.stm32cube.ide.mcu.externaltools.gnu-tools-for-stm32.7-2018-q2-update.win32_1.4.0.202007081208/tools/bin/../lib/gcc/arm-none-eabi/7.3.1/../../../../arm-none-eabi/lib/thumb/v7-m\libm.a(lib_a-s_fabs.o)
 .ARM.attributes
                0x000000000000060a       0x2d c:/st/stm32cubeide_1.4.0/stm32cubeide/plugins/com.st.stm32cube.ide.mcu.externaltools.gnu-tools-for-stm32.7-2018-q2-update.win32_1.4.0.202007081208/tools/bin/../lib/gcc/arm-none-eabi/7.3.1/../../../../arm-none-eabi/lib/thumb/v7-m\libm.a(lib_a-s_finite.o)
 .ARM.attributes
                0x0000000000000637       0x2d c:/st/stm32cubeide_1.4.0/stm32cubeide/plugins/com.st.stm32cube.ide.mcu.externaltools.gnu-tools-for-stm32.7-2018-q2-update.win32_1.4.0.202007081208/tools/bin/../lib/gcc/arm-none-eabi/7.3.1/../../../../arm-none-eabi/lib/thumb/v7-m\libm.a(lib_a-s_lib_ver.o)
 .ARM.attributes
                0x0000000000000664       0x2d c:/st/stm32cubeide_1.4.0/stm32cubeide/plugins/com.st.stm32cube.ide.mcu.externaltools.gnu-tools-for-stm32.7-2018-q2-update.win32_1.4.0.202007081208/tools/bin/../lib/gcc/arm-none-eabi/7.3.1/../../../../arm-none-eabi/lib/thumb/v7-m\libm.a(lib_a-s_matherr.o)
 .ARM.attributes
                0x0000000000000691       0x2d c:/st/stm32cubeide_1.4.0/stm32cubeide/plugins/com.st.stm32cube.ide.mcu.externaltools.gnu-tools-for-stm32.7-2018-q2-update.win32_1.4.0.202007081208/tools/bin/../lib/gcc/arm-none-eabi/7.3.1/../../../../arm-none-eabi/lib/thumb/v7-m\libm.a(lib_a-s_nan.o)
 .ARM.attributes
                0x00000000000006be       0x2d c:/st/stm32cubeide_1.4.0/stm32cubeide/plugins/com.st.stm32cube.ide.mcu.externaltools.gnu-tools-for-stm32.7-2018-q2-update.win32_1.4.0.202007081208/tools/bin/../lib/gcc/arm-none-eabi/7.3.1/../../../../arm-none-eabi/lib/thumb/v7-m\libm.a(lib_a-s_rint.o)
 .ARM.attributes
                0x00000000000006eb       0x2d c:/st/stm32cubeide_1.4.0/stm32cubeide/plugins/com.st.stm32cube.ide.mcu.externaltools.gnu-tools-for-stm32.7-2018-q2-update.win32_1.4.0.202007081208/tools/bin/../lib/gcc/arm-none-eabi/7.3.1/../../../../arm-none-eabi/lib/thumb/v7-m\libm.a(lib_a-s_scalbn.o)
 .ARM.attributes
                0x0000000000000718       0x2d c:/st/stm32cubeide_1.4.0/stm32cubeide/plugins/com.st.stm32cube.ide.mcu.externaltools.gnu-tools-for-stm32.7-2018-q2-update.win32_1.4.0.202007081208/tools/bin/../lib/gcc/arm-none-eabi/7.3.1/../../../../arm-none-eabi/lib/thumb/v7-m\libm.a(lib_a-s_copysign.o)
 .ARM.attributes
                0x0000000000000745       0x1d c:/st/stm32cubeide_1.4.0/stm32cubeide/plugins/com.st.stm32cube.ide.mcu.externaltools.gnu-tools-for-stm32.7-2018-q2-update.win32_1.4.0.202007081208/tools/bin/../lib/gcc/arm-none-eabi/7.3.1/thumb/v7-m\libgcc.a(_arm_addsubdf3.o)
 .ARM.attributes
                0x0000000000000762       0x1d c:/st/stm32cubeide_1.4.0/stm32cubeide/plugins/com.st.stm32cube.ide.mcu.externaltools.gnu-tools-for-stm32.7-2018-q2-update.win32_1.4.0.202007081208/tools/bin/../lib/gcc/arm-none-eabi/7.3.1/thumb/v7-m\libgcc.a(_arm_muldivdf3.o)
 .ARM.attributes
                0x000000000000077f       0x1d c:/st/stm32cubeide_1.4.0/stm32cubeide/plugins/com.st.stm32cube.ide.mcu.externaltools.gnu-tools-for-stm32.7-2018-q2-update.win32_1.4.0.202007081208/tools/bin/../lib/gcc/arm-none-eabi/7.3.1/thumb/v7-m\libgcc.a(_arm_cmpdf2.o)
 .ARM.attributes
                0x000000000000079c       0x1d c:/st/stm32cubeide_1.4.0/stm32cubeide/plugins/com.st.stm32cube.ide.mcu.externaltools.gnu-tools-for-stm32.7-2018-q2-update.win32_1.4.0.202007081208/tools/bin/../lib/gcc/arm-none-eabi/7.3.1/thumb/v7-m\libgcc.a(_arm_unorddf2.o)
 .ARM.attributes
                0x00000000000007b9       0x1d c:/st/stm32cubeide_1.4.0/stm32cubeide/plugins/com.st.stm32cube.ide.mcu.externaltools.gnu-tools-for-stm32.7-2018-q2-update.win32_1.4.0.202007081208/tools/bin/../lib/gcc/arm-none-eabi/7.3.1/thumb/v7-m\libgcc.a(_arm_fixdfsi.o)
 .ARM.attributes
                0x00000000000007d6       0x1d c:/st/stm32cubeide_1.4.0/stm32cubeide/plugins/com.st.stm32cube.ide.mcu.externaltools.gnu-tools-for-stm32.7-2018-q2-update.win32_1.4.0.202007081208/tools/bin/../lib/gcc/arm-none-eabi/7.3.1/thumb/v7-m/crtn.o
OUTPUT(Session3_Uart_Com.axf elf32-littlearm)

.debug_info     0x0000000000000000     0x914d
 .debug_info    0x0000000000000000      0xac0 FreeRTOS/list.o
 .debug_info    0x0000000000000ac0     0x15d9 FreeRTOS/queue.o
 .debug_info    0x0000000000002099     0x201c FreeRTOS/tasks.o
 .debug_info    0x00000000000040b5      0x2df FreeRTOS/portable/GCC/ARM_CM3/port.o
 .debug_info    0x0000000000004394      0xc0f FreeRTOS/portable/MemMang/heap_4.o
 .debug_info    0x0000000000004fa3      0x29e RSA_Algorithm/RSA_Algorithm.o
 .debug_info    0x0000000000005241      0xc59 STM32f103_Drivers/EXTI_DRIVER.o
 .debug_info    0x0000000000005e9a      0xd1a STM32f103_Drivers/STM32F103C6_USART_DRIVERS.o
 .debug_info    0x0000000000006bb4      0xc6b STM32f103_Drivers/STM32_F103C6_GPIO_DRIVERS.o
 .debug_info    0x000000000000781f      0xa0d STM32f103_Drivers/STM32_F103C6_RCC_DRIVERS.o
 .debug_info    0x000000000000822c      0xeff Src/main.o
 .debug_info    0x000000000000912b       0x22 Startup/startup_stm32f103c6tx.o

.debug_abbrev   0x0000000000000000     0x178a
 .debug_abbrev  0x0000000000000000      0x1cf FreeRTOS/list.o
 .debug_abbrev  0x00000000000001cf      0x28c FreeRTOS/queue.o
 .debug_abbrev  0x000000000000045b      0x336 FreeRTOS/tasks.o
 .debug_abbrev  0x0000000000000791      0x1cb FreeRTOS/portable/GCC/ARM_CM3/port.o
 .debug_abbrev  0x000000000000095c      0x23d FreeRTOS/portable/MemMang/heap_4.o
 .debug_abbrev  0x0000000000000b99       0xea RSA_Algorithm/RSA_Algorithm.o
 .debug_abbrev  0x0000000000000c83      0x235 STM32f103_Drivers/EXTI_DRIVER.o
 .debug_abbrev  0x0000000000000eb8      0x28d STM32f103_Drivers/STM32F103C6_USART_DRIVERS.o
 .debug_abbrev  0x0000000000001145      0x230 STM32f103_Drivers/STM32_F103C6_GPIO_DRIVERS.o
 .debug_abbrev  0x0000000000001375      0x1a8 STM32f103_Drivers/STM32_F103C6_RCC_DRIVERS.o
 .debug_abbrev  0x000000000000151d      0x25b Src/main.o
 .debug_abbrev  0x0000000000001778       0x12 Startup/startup_stm32f103c6tx.o

.debug_aranges  0x0000000000000000      0x5a8
 .debug_aranges
                0x0000000000000000       0x40 FreeRTOS/list.o
 .debug_aranges
                0x0000000000000040       0xc8 FreeRTOS/queue.o
 .debug_aranges
                0x0000000000000108      0x188 FreeRTOS/tasks.o
 .debug_aranges
                0x0000000000000290       0x70 FreeRTOS/portable/GCC/ARM_CM3/port.o
 .debug_aranges
                0x0000000000000300       0x58 FreeRTOS/portable/MemMang/heap_4.o
 .debug_aranges
                0x0000000000000358       0x50 RSA_Algorithm/RSA_Algorithm.o
 .debug_aranges
                0x00000000000003a8       0x80 STM32f103_Drivers/EXTI_DRIVER.o
 .debug_aranges
                0x0000000000000428       0x68 STM32f103_Drivers/STM32F103C6_USART_DRIVERS.o
 .debug_aranges
                0x0000000000000490       0x68 STM32f103_Drivers/STM32_F103C6_GPIO_DRIVERS.o
 .debug_aranges
                0x00000000000004f8       0x38 STM32f103_Drivers/STM32_F103C6_RCC_DRIVERS.o
 .debug_aranges
                0x0000000000000530       0x50 Src/main.o
 .debug_aranges
                0x0000000000000580       0x28 Startup/startup_stm32f103c6tx.o

.debug_ranges   0x0000000000000000      0x4f0
 .debug_ranges  0x0000000000000000       0x30 FreeRTOS/list.o
 .debug_ranges  0x0000000000000030       0xb8 FreeRTOS/queue.o
 .debug_ranges  0x00000000000000e8      0x178 FreeRTOS/tasks.o
 .debug_ranges  0x0000000000000260       0x60 FreeRTOS/portable/GCC/ARM_CM3/port.o
 .debug_ranges  0x00000000000002c0       0x48 FreeRTOS/portable/MemMang/heap_4.o
 .debug_ranges  0x0000000000000308       0x40 RSA_Algorithm/RSA_Algorithm.o
 .debug_ranges  0x0000000000000348       0x70 STM32f103_Drivers/EXTI_DRIVER.o
 .debug_ranges  0x00000000000003b8       0x58 STM32f103_Drivers/STM32F103C6_USART_DRIVERS.o
 .debug_ranges  0x0000000000000410       0x58 STM32f103_Drivers/STM32_F103C6_GPIO_DRIVERS.o
 .debug_ranges  0x0000000000000468       0x28 STM32f103_Drivers/STM32_F103C6_RCC_DRIVERS.o
 .debug_ranges  0x0000000000000490       0x40 Src/main.o
 .debug_ranges  0x00000000000004d0       0x20 Startup/startup_stm32f103c6tx.o

.debug_macro    0x0000000000000000     0x23fc
 .debug_macro   0x0000000000000000      0x18b FreeRTOS/list.o
 .debug_macro   0x000000000000018b      0x214 FreeRTOS/queue.o
 .debug_macro   0x000000000000039f       0x16 FreeRTOS/queue.o
 .debug_macro   0x00000000000003b5       0x35 FreeRTOS/queue.o
 .debug_macro   0x00000000000003ea       0x20 FreeRTOS/queue.o
 .debug_macro   0x000000000000040a       0x80 FreeRTOS/queue.o
 .debug_macro   0x000000000000048a      0x271 FreeRTOS/tasks.o
 .debug_macro   0x00000000000006fb       0x10 FreeRTOS/tasks.o
 .debug_macro   0x000000000000070b      0x177 FreeRTOS/portable/GCC/ARM_CM3/port.o
 .debug_macro   0x0000000000000882      0x1a6 FreeRTOS/portable/MemMang/heap_4.o
 .debug_macro   0x0000000000000a28       0x11 RSA_Algorithm/RSA_Algorithm.o
 .debug_macro   0x0000000000000a39      0x158 STM32f103_Drivers/EXTI_DRIVER.o
 .debug_macro   0x0000000000000b91      0x6aa STM32f103_Drivers/EXTI_DRIVER.o
 .debug_macro   0x000000000000123b       0xd0 STM32f103_Drivers/EXTI_DRIVER.o
 .debug_macro   0x000000000000130b      0x223 STM32f103_Drivers/EXTI_DRIVER.o
 .debug_macro   0x000000000000152e      0x151 STM32f103_Drivers/STM32F103C6_USART_DRIVERS.o
 .debug_macro   0x000000000000167f       0xd6 STM32f103_Drivers/STM32F103C6_USART_DRIVERS.o
 .debug_macro   0x0000000000001755       0x10 STM32f103_Drivers/STM32F103C6_USART_DRIVERS.o
 .debug_macro   0x0000000000001765       0xe2 STM32f103_Drivers/STM32F103C6_USART_DRIVERS.o
 .debug_macro   0x0000000000001847      0x13f STM32f103_Drivers/STM32_F103C6_GPIO_DRIVERS.o
 .debug_macro   0x0000000000001986      0x153 STM32f103_Drivers/STM32_F103C6_RCC_DRIVERS.o
 .debug_macro   0x0000000000001ad9      0x314 Src/main.o
 .debug_macro   0x0000000000001ded       0x69 Src/main.o
 .debug_macro   0x0000000000001e56       0x1c Src/main.o
 .debug_macro   0x0000000000001e72       0x10 Src/main.o
 .debug_macro   0x0000000000001e82       0x10 Src/main.o
 .debug_macro   0x0000000000001e92       0x1c Src/main.o
 .debug_macro   0x0000000000001eae       0x52 Src/main.o
 .debug_macro   0x0000000000001f00       0x40 Src/main.o
 .debug_macro   0x0000000000001f40       0x10 Src/main.o
 .debug_macro   0x0000000000001f50       0x40 Src/main.o
 .debug_macro   0x0000000000001f90       0xd7 Src/main.o
 .debug_macro   0x0000000000002067       0x1c Src/main.o
 .debug_macro   0x0000000000002083       0x3d Src/main.o
 .debug_macro   0x00000000000020c0       0x16 Src/main.o
 .debug_macro   0x00000000000020d6      0x145 Src/main.o
 .debug_macro   0x000000000000221b      0x1e1 Src/main.o

.debug_line     0x0000000000000000     0x4fb4
 .debug_line    0x0000000000000000      0x63f FreeRTOS/list.o
 .debug_line    0x000000000000063f      0xa05 FreeRTOS/queue.o
 .debug_line    0x0000000000001044      0xe58 FreeRTOS/tasks.o
 .debug_line    0x0000000000001e9c      0x5ba FreeRTOS/portable/GCC/ARM_CM3/port.o
 .debug_line    0x0000000000002456      0x701 FreeRTOS/portable/MemMang/heap_4.o
 .debug_line    0x0000000000002b57       0xe5 RSA_Algorithm/RSA_Algorithm.o
 .debug_line    0x0000000000002c3c      0x6e0 STM32f103_Drivers/EXTI_DRIVER.o
 .debug_line    0x000000000000331c      0x70d STM32f103_Drivers/STM32F103C6_USART_DRIVERS.o
 .debug_line    0x0000000000003a29      0x678 STM32f103_Drivers/STM32_F103C6_GPIO_DRIVERS.o
 .debug_line    0x00000000000040a1      0x5bf STM32f103_Drivers/STM32_F103C6_RCC_DRIVERS.o
 .debug_line    0x0000000000004660      0x8d0 Src/main.o
 .debug_line    0x0000000000004f30       0x84 Startup/startup_stm32f103c6tx.o

.debug_str      0x0000000000000000    0x15574
 .debug_str     0x0000000000000000     0xa9b2 FreeRTOS/list.o
                                       0xac31 (size before relaxing)
 .debug_str     0x000000000000a9b2     0x2094 FreeRTOS/queue.o
                                       0xcc9a (size before relaxing)
 .debug_str     0x000000000000ca46     0x18c1 FreeRTOS/tasks.o
                                       0xd891 (size before relaxing)
 .debug_str     0x000000000000e307      0x5fc FreeRTOS/portable/GCC/ARM_CM3/port.o
                                       0x9387 (size before relaxing)
 .debug_str     0x000000000000e903      0x30e FreeRTOS/portable/MemMang/heap_4.o
                                       0xc08c (size before relaxing)
 .debug_str     0x000000000000ec11       0xcf RSA_Algorithm/RSA_Algorithm.o
                                       0x2d84 (size before relaxing)
 .debug_str     0x000000000000ece0     0x3b25 STM32f103_Drivers/EXTI_DRIVER.o
                                       0xaa59 (size before relaxing)
 .debug_str     0x0000000000012805      0x8cf STM32f103_Drivers/STM32F103C6_USART_DRIVERS.o
                                       0x9de0 (size before relaxing)
 .debug_str     0x00000000000130d4      0x13e STM32f103_Drivers/STM32_F103C6_GPIO_DRIVERS.o
                                       0x9699 (size before relaxing)
 .debug_str     0x0000000000013212       0xac STM32f103_Drivers/STM32_F103C6_RCC_DRIVERS.o
                                       0x95bd (size before relaxing)
 .debug_str     0x00000000000132be     0x2285 Src/main.o
                                      0x11585 (size before relaxing)
 .debug_str     0x0000000000015543       0x31 Startup/startup_stm32f103c6tx.o
                                         0x58 (size before relaxing)

.comment        0x0000000000000000       0x7b
 .comment       0x0000000000000000       0x7b FreeRTOS/list.o
                                         0x7c (size before relaxing)
 .comment       0x000000000000007b       0x7c FreeRTOS/queue.o
 .comment       0x000000000000007b       0x7c FreeRTOS/tasks.o
 .comment       0x000000000000007b       0x7c FreeRTOS/portable/GCC/ARM_CM3/port.o
 .comment       0x000000000000007b       0x7c FreeRTOS/portable/MemMang/heap_4.o
 .comment       0x000000000000007b       0x7c RSA_Algorithm/RSA_Algorithm.o
 .comment       0x000000000000007b       0x7c STM32f103_Drivers/EXTI_DRIVER.o
 .comment       0x000000000000007b       0x7c STM32f103_Drivers/STM32F103C6_USART_DRIVERS.o
 .comment       0x000000000000007b       0x7c STM32f103_Drivers/STM32_F103C6_GPIO_DRIVERS.o
 .comment       0x000000000000007b       0x7c STM32f103_Drivers/STM32_F103C6_RCC_DRIVERS.o
 .comment       0x000000000000007b       0x7c Src/main.o

.debug_frame    0x0000000000000000     0x1bc4
 .debug_frame   0x0000000000000000       0xd8 FreeRTOS/list.o
 .debug_frame   0x00000000000000d8      0x33c FreeRTOS/queue.o
 .debug_frame   0x0000000000000414      0x6a4 FreeRTOS/tasks.o
 .debug_frame   0x0000000000000ab8      0x160 FreeRTOS/portable/GCC/ARM_CM3/port.o
 .debug_frame   0x0000000000000c18      0x12c FreeRTOS/portable/MemMang/heap_4.o
 .debug_frame   0x0000000000000d44      0x128 RSA_Algorithm/RSA_Algorithm.o
 .debug_frame   0x0000000000000e6c      0x1b4 STM32f103_Drivers/EXTI_DRIVER.o
 .debug_frame   0x0000000000001020      0x170 STM32f103_Drivers/STM32F103C6_USART_DRIVERS.o
 .debug_frame   0x0000000000001190      0x1a0 STM32f103_Drivers/STM32_F103C6_GPIO_DRIVERS.o
 .debug_frame   0x0000000000001330       0x84 STM32f103_Drivers/STM32_F103C6_RCC_DRIVERS.o
 .debug_frame   0x00000000000013b4      0x100 Src/main.o
 .debug_frame   0x00000000000014b4       0x30 c:/st/stm32cubeide_1.4.0/stm32cubeide/plugins/com.st.stm32cube.ide.mcu.externaltools.gnu-tools-for-stm32.7-2018-q2-update.win32_1.4.0.202007081208/tools/bin/../lib/gcc/arm-none-eabi/7.3.1/../../../../arm-none-eabi/lib/thumb/v7-m\libc_nano.a(lib_a-atoi.o)
 .debug_frame   0x00000000000014e4       0x20 c:/st/stm32cubeide_1.4.0/stm32cubeide/plugins/com.st.stm32cube.ide.mcu.externaltools.gnu-tools-for-stm32.7-2018-q2-update.win32_1.4.0.202007081208/tools/bin/../lib/gcc/arm-none-eabi/7.3.1/../../../../arm-none-eabi/lib/thumb/v7-m\libc_nano.a(lib_a-errno.o)
 .debug_frame   0x0000000000001504       0x2c c:/st/stm32cubeide_1.4.0/stm32cubeide/plugins/com.st.stm32cube.ide.mcu.externaltools.gnu-tools-for-stm32.7-2018-q2-update.win32_1.4.0.202007081208/tools/bin/../lib/gcc/arm-none-eabi/7.3.1/../../../../arm-none-eabi/lib/thumb/v7-m\libc_nano.a(lib_a-init.o)
 .debug_frame   0x0000000000001530       0x38 c:/st/stm32cubeide_1.4.0/stm32cubeide/plugins/com.st.stm32cube.ide.mcu.externaltools.gnu-tools-for-stm32.7-2018-q2-update.win32_1.4.0.202007081208/tools/bin/../lib/gcc/arm-none-eabi/7.3.1/../../../../arm-none-eabi/lib/thumb/v7-m\libc_nano.a(lib_a-itoa.o)
 .debug_frame   0x0000000000001568       0x28 c:/st/stm32cubeide_1.4.0/stm32cubeide/plugins/com.st.stm32cube.ide.mcu.externaltools.gnu-tools-for-stm32.7-2018-q2-update.win32_1.4.0.202007081208/tools/bin/../lib/gcc/arm-none-eabi/7.3.1/../../../../arm-none-eabi/lib/thumb/v7-m\libc_nano.a(lib_a-memcpy-stub.o)
 .debug_frame   0x0000000000001590       0x20 c:/st/stm32cubeide_1.4.0/stm32cubeide/plugins/com.st.stm32cube.ide.mcu.externaltools.gnu-tools-for-stm32.7-2018-q2-update.win32_1.4.0.202007081208/tools/bin/../lib/gcc/arm-none-eabi/7.3.1/../../../../arm-none-eabi/lib/thumb/v7-m\libc_nano.a(lib_a-memset.o)
 .debug_frame   0x00000000000015b0       0x84 c:/st/stm32cubeide_1.4.0/stm32cubeide/plugins/com.st.stm32cube.ide.mcu.externaltools.gnu-tools-for-stm32.7-2018-q2-update.win32_1.4.0.202007081208/tools/bin/../lib/gcc/arm-none-eabi/7.3.1/../../../../arm-none-eabi/lib/thumb/v7-m\libc_nano.a(lib_a-strtol.o)
 .debug_frame   0x0000000000001634       0x48 c:/st/stm32cubeide_1.4.0/stm32cubeide/plugins/com.st.stm32cube.ide.mcu.externaltools.gnu-tools-for-stm32.7-2018-q2-update.win32_1.4.0.202007081208/tools/bin/../lib/gcc/arm-none-eabi/7.3.1/../../../../arm-none-eabi/lib/thumb/v7-m\libc_nano.a(lib_a-utoa.o)
 .debug_frame   0x000000000000167c       0x68 c:/st/stm32cubeide_1.4.0/stm32cubeide/plugins/com.st.stm32cube.ide.mcu.externaltools.gnu-tools-for-stm32.7-2018-q2-update.win32_1.4.0.202007081208/tools/bin/../lib/gcc/arm-none-eabi/7.3.1/../../../../arm-none-eabi/lib/thumb/v7-m\libc_nano.a(lib_a-locale.o)
 .debug_frame   0x00000000000016e4       0x48 c:/st/stm32cubeide_1.4.0/stm32cubeide/plugins/com.st.stm32cube.ide.mcu.externaltools.gnu-tools-for-stm32.7-2018-q2-update.win32_1.4.0.202007081208/tools/bin/../lib/gcc/arm-none-eabi/7.3.1/../../../../arm-none-eabi/lib/thumb/v7-m\libc_nano.a(lib_a-mbtowc_r.o)
 .debug_frame   0x000000000000172c       0x3c c:/st/stm32cubeide_1.4.0/stm32cubeide/plugins/com.st.stm32cube.ide.mcu.externaltools.gnu-tools-for-stm32.7-2018-q2-update.win32_1.4.0.202007081208/tools/bin/../lib/gcc/arm-none-eabi/7.3.1/../../../../arm-none-eabi/lib/thumb/v7-m\libc_nano.a(lib_a-wctomb_r.o)
 .debug_frame   0x0000000000001768       0x40 c:/st/stm32cubeide_1.4.0/stm32cubeide/plugins/com.st.stm32cube.ide.mcu.externaltools.gnu-tools-for-stm32.7-2018-q2-update.win32_1.4.0.202007081208/tools/bin/../lib/gcc/arm-none-eabi/7.3.1/../../../../arm-none-eabi/lib/thumb/v7-m\libm.a(lib_a-w_fmod.o)
 .debug_frame   0x00000000000017a8       0x40 c:/st/stm32cubeide_1.4.0/stm32cubeide/plugins/com.st.stm32cube.ide.mcu.externaltools.gnu-tools-for-stm32.7-2018-q2-update.win32_1.4.0.202007081208/tools/bin/../lib/gcc/arm-none-eabi/7.3.1/../../../../arm-none-eabi/lib/thumb/v7-m\libm.a(lib_a-w_pow.o)
 .debug_frame   0x00000000000017e8       0x34 c:/st/stm32cubeide_1.4.0/stm32cubeide/plugins/com.st.stm32cube.ide.mcu.externaltools.gnu-tools-for-stm32.7-2018-q2-update.win32_1.4.0.202007081208/tools/bin/../lib/gcc/arm-none-eabi/7.3.1/../../../../arm-none-eabi/lib/thumb/v7-m\libm.a(lib_a-e_fmod.o)
 .debug_frame   0x000000000000181c       0x64 c:/st/stm32cubeide_1.4.0/stm32cubeide/plugins/com.st.stm32cube.ide.mcu.externaltools.gnu-tools-for-stm32.7-2018-q2-update.win32_1.4.0.202007081208/tools/bin/../lib/gcc/arm-none-eabi/7.3.1/../../../../arm-none-eabi/lib/thumb/v7-m\libm.a(lib_a-e_pow.o)
 .debug_frame   0x0000000000001880       0x30 c:/st/stm32cubeide_1.4.0/stm32cubeide/plugins/com.st.stm32cube.ide.mcu.externaltools.gnu-tools-for-stm32.7-2018-q2-update.win32_1.4.0.202007081208/tools/bin/../lib/gcc/arm-none-eabi/7.3.1/../../../../arm-none-eabi/lib/thumb/v7-m\libm.a(lib_a-e_sqrt.o)
 .debug_frame   0x00000000000018b0       0x20 c:/st/stm32cubeide_1.4.0/stm32cubeide/plugins/com.st.stm32cube.ide.mcu.externaltools.gnu-tools-for-stm32.7-2018-q2-update.win32_1.4.0.202007081208/tools/bin/../lib/gcc/arm-none-eabi/7.3.1/../../../../arm-none-eabi/lib/thumb/v7-m\libm.a(lib_a-s_fabs.o)
 .debug_frame   0x00000000000018d0       0x20 c:/st/stm32cubeide_1.4.0/stm32cubeide/plugins/com.st.stm32cube.ide.mcu.externaltools.gnu-tools-for-stm32.7-2018-q2-update.win32_1.4.0.202007081208/tools/bin/../lib/gcc/arm-none-eabi/7.3.1/../../../../arm-none-eabi/lib/thumb/v7-m\libm.a(lib_a-s_finite.o)
 .debug_frame   0x00000000000018f0       0x20 c:/st/stm32cubeide_1.4.0/stm32cubeide/plugins/com.st.stm32cube.ide.mcu.externaltools.gnu-tools-for-stm32.7-2018-q2-update.win32_1.4.0.202007081208/tools/bin/../lib/gcc/arm-none-eabi/7.3.1/../../../../arm-none-eabi/lib/thumb/v7-m\libm.a(lib_a-s_matherr.o)
 .debug_frame   0x0000000000001910       0x20 c:/st/stm32cubeide_1.4.0/stm32cubeide/plugins/com.st.stm32cube.ide.mcu.externaltools.gnu-tools-for-stm32.7-2018-q2-update.win32_1.4.0.202007081208/tools/bin/../lib/gcc/arm-none-eabi/7.3.1/../../../../arm-none-eabi/lib/thumb/v7-m\libm.a(lib_a-s_nan.o)
 .debug_frame   0x0000000000001930       0x34 c:/st/stm32cubeide_1.4.0/stm32cubeide/plugins/com.st.stm32cube.ide.mcu.externaltools.gnu-tools-for-stm32.7-2018-q2-update.win32_1.4.0.202007081208/tools/bin/../lib/gcc/arm-none-eabi/7.3.1/../../../../arm-none-eabi/lib/thumb/v7-m\libm.a(lib_a-s_rint.o)
 .debug_frame   0x0000000000001964       0x30 c:/st/stm32cubeide_1.4.0/stm32cubeide/plugins/com.st.stm32cube.ide.mcu.externaltools.gnu-tools-for-stm32.7-2018-q2-update.win32_1.4.0.202007081208/tools/bin/../lib/gcc/arm-none-eabi/7.3.1/../../../../arm-none-eabi/lib/thumb/v7-m\libm.a(lib_a-s_scalbn.o)
 .debug_frame   0x0000000000001994       0x2c c:/st/stm32cubeide_1.4.0/stm32cubeide/plugins/com.st.stm32cube.ide.mcu.externaltools.gnu-tools-for-stm32.7-2018-q2-update.win32_1.4.0.202007081208/tools/bin/../lib/gcc/arm-none-eabi/7.3.1/../../../../arm-none-eabi/lib/thumb/v7-m\libm.a(lib_a-s_copysign.o)
 .debug_frame   0x00000000000019c0       0xac c:/st/stm32cubeide_1.4.0/stm32cubeide/plugins/com.st.stm32cube.ide.mcu.externaltools.gnu-tools-for-stm32.7-2018-q2-update.win32_1.4.0.202007081208/tools/bin/../lib/gcc/arm-none-eabi/7.3.1/thumb/v7-m\libgcc.a(_arm_addsubdf3.o)
 .debug_frame   0x0000000000001a6c       0x50 c:/st/stm32cubeide_1.4.0/stm32cubeide/plugins/com.st.stm32cube.ide.mcu.externaltools.gnu-tools-for-stm32.7-2018-q2-update.win32_1.4.0.202007081208/tools/bin/../lib/gcc/arm-none-eabi/7.3.1/thumb/v7-m\libgcc.a(_arm_muldivdf3.o)
 .debug_frame   0x0000000000001abc       0xc4 c:/st/stm32cubeide_1.4.0/stm32cubeide/plugins/com.st.stm32cube.ide.mcu.externaltools.gnu-tools-for-stm32.7-2018-q2-update.win32_1.4.0.202007081208/tools/bin/../lib/gcc/arm-none-eabi/7.3.1/thumb/v7-m\libgcc.a(_arm_cmpdf2.o)
 .debug_frame   0x0000000000001b80       0x20 c:/st/stm32cubeide_1.4.0/stm32cubeide/plugins/com.st.stm32cube.ide.mcu.externaltools.gnu-tools-for-stm32.7-2018-q2-update.win32_1.4.0.202007081208/tools/bin/../lib/gcc/arm-none-eabi/7.3.1/thumb/v7-m\libgcc.a(_arm_unorddf2.o)
 .debug_frame   0x0000000000001ba0       0x24 c:/st/stm32cubeide_1.4.0/stm32cubeide/plugins/com.st.stm32cube.ide.mcu.externaltools.gnu-tools-for-stm32.7-2018-q2-update.win32_1.4.0.202007081208/tools/bin/../lib/gcc/arm-none-eabi/7.3.1/thumb/v7-m\libgcc.a(_arm_fixdfsi.o)
